# This file uses pipe-separated fields
c | docs/shdoc/.timestamps | | config_lib.sh.timestamp | | | | |
c | docs/shdoc/.timestamps | | errno_lib.sh.timestamp | | | | |
c | docs/shdoc/.timestamps | | function_list.txt | | | | |
c | docs/shdoc/.timestamps | | helpsys_lib.sh.timestamp | | | | |
c | docs/shdoc/.timestamps | | init_lib.sh.timestamp | | | | |
c | docs/shdoc/.timestamps | | script_list.txt | | | | |
c | docs/shdoc/.timestamps | | string_lib.sh.timestamp | | | | |
c | docs/shdoc/.timestamps | | type_lib.sh.timestamp | | | | |
c | docs/shdoc/.timestamps | | util_lib.sh.timestamp | | | | |
c | docs/shdoc/.timestamps | | venv_lib.sh.timestamp | | | | |
c | docs/shdoc/.timestamps | | venvutil_lib.sh.timestamp | | | | |
c | docs/shdoc/.timestamps | | wrapper_lib.sh.timestamp | | | | |
d |  |  | bin | 755 |  |  | 1312 | 
d |  |  | conf | 755 |  |  | 352 | 
d |  |  | docs | 755 |  |  | 768 | 
d |  |  | modules | 755 |  |  | 128 | 
d | bin | bin | shinclude | 755 |  |  | 384 | 
d | docs | docs | shdoc | 755 |  |  | 192 | 
d | docs/shdoc | docs/shdoc | bin | 755 |  |  | 128 | 
d | docs/shdoc/bin | docs/shdoc/bin | shinclude | 755 |  |  | 480 | 
d | docs/shdoc/bin/shinclude | docs/shdoc/bin/shinclude | functions | 755 |  |  | 2656 | 
d | docs/shdoc/bin/shinclude | docs/shdoc/bin/shinclude | scripts | 755 |  |  | 384 | 
f |  |  | LICENSE | 644 |  |  | 11362 | fbb090d446bc51f5b8611e8c59bddf5447f155e2
f |  |  | manifest.lst | 644 |  |  | 24666 | 205cb56ea37972c1ea2f8bbc4e8f2bad099ce346
f |  |  | README.md | 644 |  |  | 20079 | 5fa9b2be367c1e1842dd9a8bfd65a355e98f024a
f |  |  | requirements-build.txt | 644 |  |  | 185 | 5befca95d85d0ff6665950e90a120accc77f2dd4
f |  |  | requirements.txt | 644 |  |  | 82 | 7ce33b2cefe2dafe0ec69a943e5321206c8b3697
f |  |  | setup.cf | 644 |  |  | 985 | cb71a80732c5a5992f9f5b9919387bf9612f9144
f |  |  | setup.sh | 755 |  |  | 21576 | 8d30ebeb046d8230c3448e5891ecfa4915808292
f | bin | bin | buildvenvs | 755 |  |  | 15033 | f6b06def5460f5a76d338bc3f0e37482b963b0f6
f | bin | bin | chunkfile.py | 755 |  |  | 10000 | 8787a4959c9f87e3df400696f18d16b7e2366729
f | bin | bin | compare_test | 755 |  |  | 1446 | 2af66cb27d06860e6cfe78574b80aea07a30e322
f | bin | bin | extract_chat.py | 755 |  |  | 33944 | 937a0e24ba6263edc40e56d9564c8a77e4527ff5
f | bin | bin | filetree.py | 755 |  |  | 12652 | c72924919cfdea7e3eaddda3d277dfad2755bc67
f | bin | bin | filter-vm_stat | 755 |  |  | 2606 | 7eccba1613a50f1be68e3bb026328766a349ef61
f | bin | bin | generate_manifest.sh | 755 |  |  | 6719 | 167da8d731bc36e9f4f6c6e186f3f75f6aac41d5
f | bin | bin | genmd | 755 |  |  | 42293 | 2f967276715924b359cd8930bfcdeea2eb9c84f1
f | bin | bin | ld | 755 |  |  | 2697 | 61e28d8e54ae13b00d6c8f7e0cb4e01bc768b798
f | bin | bin | numpy_torture.py | 755 |  |  | 5006 | b74789f9f4739141bae59d35b7ea1e210ff65b12
f | bin | bin | numpy-comp.sh | 755 |  |  | 1760 | dc90c4c300f335c5b28ee96d93d53609f054bee1
f | bin | bin | numpybench | 755 |  |  | 3937 | ff389a083a1ce3fa2ff1f48bbd206bd178991ed5
f | bin | bin | numpyprof | 755 |  |  | 1579 | fe821ae6a607ff116a9ae9f9abc8483125cdfcac
f | bin | bin | numpytime | 755 |  |  | 1423 | 14349c95f754bc9260a2bf6d4a84b1b6f1126336
f | bin | bin | purgevenv | 755 |  |  | 917 | 7203a065dc5ed9fae2581f4debfaf76b4c411fbd
f | bin | bin | rename-chat.py | 755 |  |  | 7847 | 9a8a7151acdfdf03c54e27931f16d84a32b1c1be
f | bin | bin | runbench | 755 |  |  | 777 | b24f94142dbbbcb1fd0c8f6b5ccf82b72d8dbcee
f | bin | bin | stressgpu | 755 |  |  | 395 | 488c9966529abe9c59adb64b6b82106581c69d9f
f | bin | bin | tensorgpu | 755 |  |  | 1209 | 31437adec4daebb8e9aaf3b0fee135f1b5b49e78
f | bin | bin | tokencount.py | 755 |  |  | 2831 | 104124637338b633bfc4369e5c919cf39e8efbb9
f | bin | bin | torch_torture.py | 755 |  |  | 7541 | ca2f8afa27450fc74248258df2dfc28e41d0659d
f | bin | bin | torch-test | 755 |  |  | 656 | c25bc144b14725ac69d6918b17876b78cfbd30bc
f | bin | bin | torchamp | 755 |  |  | 724 | 88e556163c153b72fa1cfe1bfdd264ee3104e623
f | bin | bin | torchbench | 755 |  |  | 1435 | a9e03bb113953edb49d424c1f627ed873de048c3
f | bin | bin | torchprof | 755 |  |  | 1544 | 0e1d1482cd52f587fc0e8d92082ad17e077479bd
f | bin | bin | torchtime | 755 |  |  | 1389 | 54a4dcdd6ac16189f2be61f8d71ed46ab3fdd312
f | bin | bin | vinfo | 755 |  |  | 4789 | 9997bdc1649925c2ee46d15235d504d7bba64a03
f | bin | bin | warehouse.sh | 755 |  |  | 3211 | 7ef782147dacf52bcdcf6f1cd7464a1fe8b14e11
f | bin/shinclude | bin/shinclude | config_lib.sh | 755 |  |  | 17164 | d301802fb88218c9bec32aa1276404957ea543bb
f | bin/shinclude | bin/shinclude | errno_lib.sh | 755 |  |  | 15877 | ecce7afd2de8e56faac9db8c3ad12f9926bc6593
f | bin/shinclude | bin/shinclude | helpsys_lib.sh | 755 |  |  | 33245 | 702bf632896fcecc4659e90fc10c41363c7e57d1
f | bin/shinclude | bin/shinclude | init_lib.sh | 755 |  |  | 6724 | e822fc9d70227ec60804a2946892fb21135ad619
f | bin/shinclude | bin/shinclude | string_lib.sh | 755 |  |  | 8707 | 0b538dc5f5991cc496c976da36e864c613c25944
f | bin/shinclude | bin/shinclude | type_lib.sh | 755 |  |  | 10511 | 5a612e7073127a38e15efe1b1dcb2fb260d7210a
f | bin/shinclude | bin/shinclude | util_lib.sh | 755 |  |  | 12627 | 29ffe800c02b0486225f12cd79e9eb2f5e16a14a
f | bin/shinclude | bin/shinclude | venv_lib.sh | 755 |  |  | 30367 | 9a96d837b738917439becf2d5639261a1b4de300
f | bin/shinclude | bin/shinclude | venvutil_lib.sh | 755 |  |  | 3155 | 9a77e8caa2fe8c340b08b5dfe613ecb7464fad18
f | bin/shinclude | bin/shinclude | wrapper_lib.sh | 755 |  |  | 10889 | 6957028637e368e3411a5f307e9d80b017831bca
f | conf | conf | config-a | 755 |  |  | 10167 | 3b7bbdf007f090ccecba521ef654708ec1e4ec8c
f | conf | conf | config-a.sh | 755 |  |  | 10167 | 3b7bbdf007f090ccecba521ef654708ec1e4ec8c
f | conf | conf | config-b.sh | 755 |  |  | 8038 | 8f3a0adf7b6004ae381846c3ba64b318ad8ed707
f | conf | conf | config-c.sh | 755 |  |  | 8099 | 5b7423ad2aeddede103ed2663edf6bfee831838b
f | conf | conf | config-conda.sh | 755 |  |  | 8327 | d1d3242828e47f6afced190ee9c9785f8484ffa5
f | conf | conf | config-d.sh | 755 |  |  | 7944 | bbb47fcd1d56bc5934b5975a1eb94f71c4068722
f | conf | conf | config-webui-macOS.sh | 755 |  |  | 7485 | 8ba93a91dfc5cc2ebc667bca8b125d00535a3191
f | conf | conf | config-webui.sh | 755 |  |  | 6114 | f5aeb3d99bafb6feec604f3544c8638cad240785
f | conf | conf | help_sys.conf | 644 |  |  | 419 | 29768a4c81029cba3a20ba8b147ad03b4013a9c5
f | docs | docs | BuildGraph.txt | 644 |  |  | 1562 | 79c4ad4cd934656babe97b3786dfb0311df89bdb
f | docs | docs | chat_tools.md | 644 |  |  | 2731 | c65cd177ab5a78b2bff8ef0a1c6e74d7be0657ab
f | docs | docs | chunk-offsets.md | 644 |  |  | 6475 | 7d053e1d9e4231ab5a0f2a62daec2c1a35231981
f | docs | docs | chunkfile.md | 644 |  |  | 3247 | 02442603e0f5515e910590ca90484f2cbd38fe1b
f | docs | docs | Documentation_Generation.md | 644 |  |  | 1811 | e8d40cdbf7e225fc94ab87d803cc1ea1140afdb8
f | docs | docs | extract_chat.md | 644 |  |  | 3693 | 1c923224b95cd8afd5ae805ee1ca6a2ae79cb860
f | docs | docs | filetree.md | 644 |  |  | 4662 | b8b12e3e99c04c6431edf5afecba1294381cf848
f | docs | docs | Function_Doc_Templ.md | 644 |  |  | 1436 | 7948eb4a191d7ce56be65a10be0cbd38095ef1da
f | docs | docs | generate_manifest.md | 644 |  |  | 3872 | 74ec5e5f34d840fbb32d2d03fa23151e7963313f
f | docs | docs | genmd.md | 644 |  |  | 15931 | 05debeaf580617d4d0d60670a9a258a9952f97cc
f | docs | docs | installer-manifest.md | 644 |  |  | 7085 | 470ae2c740a9414273fc9aacf01d154d02f93f45
f | docs | docs | Metrics_Layout.md | 644 |  |  | 3153 | 37be3642c76c64f47f01ebe2e0addccabd441c91
f | docs | docs | migration_guide.md | 644 |  |  | 4393 | 20469c8f541cb8e8a7e6b3593c75669e134b62ea
f | docs | docs | numpy-comp.md | 644 |  |  | 2854 | 57560b88c3769047be9f268ec7f4663d2f282c21
f | docs | docs | numpybench.md | 644 |  |  | 2627 | 1e3ad54d8f4f2aaf34bdce6583c0d6901e94444e
f | docs | docs | performance_testing.md | 644 |  |  | 4664 | ef4e3e2e37838664cca906024865c97eef76c457
f | docs | docs | rename-chat.md | 644 |  |  | 3209 | 4a7fcda5a880549b0ff24f1afcad98982e2b2ee0
f | docs | docs | Script_Doc_Templ.md | 644 |  |  | 3185 | 623eabdfb544a4f8cc00201d3939353df5961bf8
f | docs | docs | Standards.md | 644 |  |  | 2178 | 462100e67a60014c05bd60edb55564ed0bf45ab0
f | docs | docs | warehouse.md | 644 |  |  | 3039 | c7fe4ad3e74302516dafee83d8dd8cdabaa47886
f | docs/shdoc | docs/shdoc | AUTO_GENERATED_DO_NOT_MODIFY_OR_PLACE_FILES_HERE | 644 |  |  | 0 | da39a3ee5e6b4b0d3255bfef95601890afd80709
f | docs/shdoc | docs/shdoc | README.md | 644 |  |  | 1433 | c5d5585e0df8e1f0ad8036984ee205b5fda95c9b
f | docs/shdoc/bin/shinclude | docs/shdoc/bin/shinclude | config_lib_sh.md | 644 |  |  | 1180 | 075e2b987ba063318089376933a139da3d3dd52c
f | docs/shdoc/bin/shinclude | docs/shdoc/bin/shinclude | errno_lib_sh.md | 644 |  |  | 1300 | 99c45bc26eda93b9b4e01f3a1c7b5fdf3f439ec3
f | docs/shdoc/bin/shinclude | docs/shdoc/bin/shinclude | helpsys_lib_sh.md | 644 |  |  | 2872 | a579d376a7fc603f0e120ccb1920406829dd0dbd
f | docs/shdoc/bin/shinclude | docs/shdoc/bin/shinclude | init_lib_sh.md | 644 |  |  | 711 | 36db351489793a2bd9be54529412105a8f08ab8e
f | docs/shdoc/bin/shinclude | docs/shdoc/bin/shinclude | string_lib_sh.md | 644 |  |  | 1040 | e4d3d339029a0ed29c56ff68cb2eb8313188158f
f | docs/shdoc/bin/shinclude | docs/shdoc/bin/shinclude | type_lib_sh.md | 644 |  |  | 973 | 7aa4e0dcdcaebe76fab56c51f63f2c725e1d31f9
f | docs/shdoc/bin/shinclude | docs/shdoc/bin/shinclude | util_lib_sh.md | 644 |  |  | 1047 | 0104848eca5f9a5f7a6886bbfa826b996f11ec33
f | docs/shdoc/bin/shinclude | docs/shdoc/bin/shinclude | venv_lib_sh.md | 644 |  |  | 1907 | bc744b092e01ae2fc670abf94cf334262858f927
f | docs/shdoc/bin/shinclude | docs/shdoc/bin/shinclude | venvutil_lib_sh.md | 644 |  |  | 494 | a711a07f5978d68132ad526adb06df7eceb8e574
f | docs/shdoc/bin/shinclude | docs/shdoc/bin/shinclude | wrapper_lib_sh.md | 644 |  |  | 882 | 15776a0b90b563875b35e1e86eaf5b36cecdbfa8
f | docs/shdoc/bin/shinclude/functions | docs/shdoc/bin/shinclude/functions | __set_venv_vars.md | 644 |  |  | 651 | d020f656b8014fe9e9cff3165d5da770c36ea49a
f | docs/shdoc/bin/shinclude/functions | docs/shdoc/bin/shinclude/functions | __venv_conda_check.md | 644 |  |  | 820 | 1f6fc8710411689f73b83044585ff2d465ed60b6
f | docs/shdoc/bin/shinclude/functions | docs/shdoc/bin/shinclude/functions | _deprecated.md | 644 |  |  | 656 | 44c546ba04e716b34d6cdb29da42877ad8397c53
f | docs/shdoc/bin/shinclude/functions | docs/shdoc/bin/shinclude/functions | _source_check.md | 644 |  |  | 315 | 3929aa8a8cd6c83cd4b76bd54e047a495341798d
f | docs/shdoc/bin/shinclude/functions | docs/shdoc/bin/shinclude/functions | benv.md | 644 |  |  | 1320 | d3bd1d74fa2213654bb980423141807234c26683
f | docs/shdoc/bin/shinclude/functions | docs/shdoc/bin/shinclude/functions | cact.md | 644 |  |  | 789 | 7fc98d90e1faaee48b6b5989a64ff529d8e11b50
f | docs/shdoc/bin/shinclude/functions | docs/shdoc/bin/shinclude/functions | ccln.md | 644 |  |  | 1033 | 34305143eedc122af2868bb7bb0c6e31b6a0d5fc
f | docs/shdoc/bin/shinclude/functions | docs/shdoc/bin/shinclude/functions | check_directory.md | 644 |  |  | 469 | 7d6061b90538375402ad9f7cda3ecfb6c66a4324
f | docs/shdoc/bin/shinclude/functions | docs/shdoc/bin/shinclude/functions | check_lib.md | 644 |  |  | 813 | 5524f56e2892474c3d3bcecdce937e0d67c14126
f | docs/shdoc/bin/shinclude/functions | docs/shdoc/bin/shinclude/functions | colortext.md | 644 |  |  | 887 | 34fd840654f31eb9bc7dbe4e3ca3cd34dbf8c3be
f | docs/shdoc/bin/shinclude/functions | docs/shdoc/bin/shinclude/functions | dact.md | 644 |  |  | 661 | 00b54a2898523f051cd253942a28a1b6c535025e
f | docs/shdoc/bin/shinclude/functions | docs/shdoc/bin/shinclude/functions | denv.md | 644 |  |  | 769 | 34001136a8434fa37e17c256e5629dca8f1a53f4
f | docs/shdoc/bin/shinclude/functions | docs/shdoc/bin/shinclude/functions | do_wrapper.md | 644 |  |  | 825 | 706750d9b8cbeeace3e290828c1d32b23afe6b1c
f | docs/shdoc/bin/shinclude/functions | docs/shdoc/bin/shinclude/functions | docs_base_path.md | 644 |  |  | 670 | 051581e4782f5674965f2a8b3f3ed3084fead7c9
f | docs/shdoc/bin/shinclude/functions | docs/shdoc/bin/shinclude/functions | dump_config.md | 644 |  |  | 1419 | 3e0f21710eccbfe588123ea121f38ab7696ad978
f | docs/shdoc/bin/shinclude/functions | docs/shdoc/bin/shinclude/functions | errfind.md | 644 |  |  | 841 | 2bd76babf267712ca4d741c24bb35721c97942dc
f | docs/shdoc/bin/shinclude/functions | docs/shdoc/bin/shinclude/functions | errno_exit.md | 644 |  |  | 1270 | fc07f44a1eb864bbfac4c96c6591d230090932ad
f | docs/shdoc/bin/shinclude/functions | docs/shdoc/bin/shinclude/functions | errno_warn.md | 644 |  |  | 1268 | a02cf0802976dda2c1a018cf78f94d4d05dbedfa
f | docs/shdoc/bin/shinclude/functions | docs/shdoc/bin/shinclude/functions | errno.md | 644 |  |  | 1060 | fae764918c472040be514523753000e51afe3689
f | docs/shdoc/bin/shinclude/functions | docs/shdoc/bin/shinclude/functions | errval.md | 644 |  |  | 1065 | 9ec066281e9408cb3ccfcfe30271cf9ccde796be
f | docs/shdoc/bin/shinclude/functions | docs/shdoc/bin/shinclude/functions | escape_string.md | 644 |  |  | 770 | a3ea473a57ecdf500c98e0288c40ae8cc0b54988
f | docs/shdoc/bin/shinclude/functions | docs/shdoc/bin/shinclude/functions | expand_variable.md | 644 |  |  | 741 | 155d121e8475f7ac35f3338cd59a3a1f964f26a0
f | docs/shdoc/bin/shinclude/functions | docs/shdoc/bin/shinclude/functions | function_description.md | 644 |  |  | 754 | 6905d4899ce010d05e40b4a1c75a7c5eabdc6089
f | docs/shdoc/bin/shinclude/functions | docs/shdoc/bin/shinclude/functions | general_help.md | 644 |  |  | 683 | 6ae0fdd67ff34e9a47fcce7c776b36ae059a8d17
f | docs/shdoc/bin/shinclude/functions | docs/shdoc/bin/shinclude/functions | generate_markdown.md | 644 |  |  | 739 | a69c03a092e7096f0d622d422ce233ecf1a4a8df
f | docs/shdoc/bin/shinclude/functions | docs/shdoc/bin/shinclude/functions | get_function_hash.md | 644 |  |  | 745 | 4edf0804577b482c3f447a3e67ddfce78be85486
f | docs/shdoc/bin/shinclude/functions | docs/shdoc/bin/shinclude/functions | get_script_readme_file.md | 644 |  |  | 829 | b7d726f742a0d90764a07118601879f8ecf92616
f | docs/shdoc/bin/shinclude/functions | docs/shdoc/bin/shinclude/functions | get_system_readme_file.md | 644 |  |  | 785 | 5e5f54c1c7873e2aa366dfdb178c5a1b5dd7503f
f | docs/shdoc/bin/shinclude/functions | docs/shdoc/bin/shinclude/functions | handle_variable.md | 644 |  |  | 1256 | 81b32a128651c8045dfb46743624c9a6f79da0c5
f | docs/shdoc/bin/shinclude/functions | docs/shdoc/bin/shinclude/functions | help_functions.md | 644 |  |  | 867 | baa85b2500c7d34fb549bd325ecc1b1280424b8b
f | docs/shdoc/bin/shinclude/functions | docs/shdoc/bin/shinclude/functions | help_scripts.md | 644 |  |  | 650 | 9e2a19cfe5768fc1ca3a8ea5eeee0f622af8b280
f | docs/shdoc/bin/shinclude/functions | docs/shdoc/bin/shinclude/functions | init_help_system.md | 644 |  |  | 986 | 5a28d7f0b90c04cc5d2a9088266a2f787361e354
f | docs/shdoc/bin/shinclude/functions | docs/shdoc/bin/shinclude/functions | lastenv.md | 644 |  |  | 698 | 6cdf0ce9e174e27a92440f5bb683a118d23a33d6
f | docs/shdoc/bin/shinclude/functions | docs/shdoc/bin/shinclude/functions | lenv.md | 644 |  |  | 1596 | d8c0d3d31c896e02dd7aae30d02b24b6d9388331
f | docs/shdoc/bin/shinclude/functions | docs/shdoc/bin/shinclude/functions | load_pkg_config.md | 644 |  |  | 1857 | d78b66b46753849509dea95fd49922d362e45d5e
f | docs/shdoc/bin/shinclude/functions | docs/shdoc/bin/shinclude/functions | log_message.md | 644 |  |  | 1356 | 1fbdd68bf108f236be194d1a4e40fff1a4bab596
f | docs/shdoc/bin/shinclude/functions | docs/shdoc/bin/shinclude/functions | nenv.md | 644 |  |  | 1017 | 6579a1c27fb422e9a828adbcace1883447b2f78c
f | docs/shdoc/bin/shinclude/functions | docs/shdoc/bin/shinclude/functions | next_step.md | 644 |  |  | 953 | 38cc9d4e350f4514bea30fd312ae9bdee5c1a1b9
f | docs/shdoc/bin/shinclude/functions | docs/shdoc/bin/shinclude/functions | pact.md | 644 |  |  | 712 | 21b00f296abdac28f41aa5b38566cdec83172002
f | docs/shdoc/bin/shinclude/functions | docs/shdoc/bin/shinclude/functions | parse_manifest_metadata.md | 644 |  |  | 754 | 3e68eb822d902bfc539ad34afc05fc761c76ff20
f | docs/shdoc/bin/shinclude/functions | docs/shdoc/bin/shinclude/functions | pip.md | 644 |  |  | 756 | 5605091a1ac220029d18433f5a79e5a62a5e6572
f | docs/shdoc/bin/shinclude/functions | docs/shdoc/bin/shinclude/functions | pkg_config_vars.md | 644 |  |  | 654 | 4967f26a32b4e32b1b81879167f59d297a5ab516
f | docs/shdoc/bin/shinclude/functions | docs/shdoc/bin/shinclude/functions | pop_stack.md | 644 |  |  | 780 | f1a0080cf2dd8f9cd2b102743f816d7569429747
f | docs/shdoc/bin/shinclude/functions | docs/shdoc/bin/shinclude/functions | pop_venv.md | 644 |  |  | 656 | 3928c1925fba7413cdc0c716d7f9e57802ff0c67
f | docs/shdoc/bin/shinclude/functions | docs/shdoc/bin/shinclude/functions | process_scripts.md | 644 |  |  | 788 | 64f080b4f068c973717491a2eace168aab235222
f | docs/shdoc/bin/shinclude/functions | docs/shdoc/bin/shinclude/functions | ptree.md | 644 |  |  | 813 | 90c25338313e01804aa7971233a22303f2b8f254
f | docs/shdoc/bin/shinclude/functions | docs/shdoc/bin/shinclude/functions | push_stack.md | 644 |  |  | 808 | b0c807816118734ab5117dd3bd07bb518b77729d
f | docs/shdoc/bin/shinclude/functions | docs/shdoc/bin/shinclude/functions | push_venv.md | 644 |  |  | 653 | 53e2d4d1f0c0f7857c511f0d3fc74a8b866817e4
f | docs/shdoc/bin/shinclude/functions | docs/shdoc/bin/shinclude/functions | remove_duplicates.md | 644 |  |  | 696 | b5d7b4c9b7d20b56300c679b6ff5489f6f602f12
f | docs/shdoc/bin/shinclude/functions | docs/shdoc/bin/shinclude/functions | renv.md | 644 |  |  | 831 | 74392508d52a61960944166aca316c71e69cdec9
f | docs/shdoc/bin/shinclude/functions | docs/shdoc/bin/shinclude/functions | sanitize.md | 644 |  |  | 873 | 7160bf10f5c1e962951768674dc1e1aacb67bfc3
f | docs/shdoc/bin/shinclude/functions | docs/shdoc/bin/shinclude/functions | script_description.md | 644 |  |  | 734 | e8958907e9fa89ac154b14bb1ec08f35b48d4009
f | docs/shdoc/bin/shinclude/functions | docs/shdoc/bin/shinclude/functions | set_debug.md | 644 |  |  | 898 | 40fea47895dd74d8e61cec7c12c5da86c649c38e
f | docs/shdoc/bin/shinclude/functions | docs/shdoc/bin/shinclude/functions | set_variable.md | 644 |  |  | 1110 | 8b25c9ab90f7592630986ce63e7baef06ea84a16
f | docs/shdoc/bin/shinclude/functions | docs/shdoc/bin/shinclude/functions | snum.md | 644 |  |  | 660 | 3cea9a2fb60f359fc366742d06e34f8b003e368a
f | docs/shdoc/bin/shinclude/functions | docs/shdoc/bin/shinclude/functions | sort_2d_array.md | 644 |  |  | 1319 | a35456a77960766f2ad5edbd95b9e161a688247d
f | docs/shdoc/bin/shinclude/functions | docs/shdoc/bin/shinclude/functions | source_lib.md | 644 |  |  | 1377 | ed2a041e759cf2d5f7b361e32d9371982d659c1a
f | docs/shdoc/bin/shinclude/functions | docs/shdoc/bin/shinclude/functions | specific_function_help.md | 644 |  |  | 857 | 3f16af72e74a7b57a9bd1a9426188b4460a2c908
f | docs/shdoc/bin/shinclude/functions | docs/shdoc/bin/shinclude/functions | specific_script_help.md | 644 |  |  | 844 | 637f111dd4bd801dbe47e4ecc99600d2c76cbaa8
f | docs/shdoc/bin/shinclude/functions | docs/shdoc/bin/shinclude/functions | stack_op.md | 644 |  |  | 946 | 6f78d65a2e526e8a24aad396f70b4f60b4d912ea
f | docs/shdoc/bin/shinclude/functions | docs/shdoc/bin/shinclude/functions | stringclean.md | 644 |  |  | 758 | 78277f7718b935d2458c4381a0d8cdeb959c507b
f | docs/shdoc/bin/shinclude/functions | docs/shdoc/bin/shinclude/functions | strip_space.md | 644 |  |  | 740 | 5bf4fa621a661dcd740b75d7a8ed76932c398be0
f | docs/shdoc/bin/shinclude/functions | docs/shdoc/bin/shinclude/functions | to_upper.md | 644 |  |  | 644 | f2fde803e35397b442da77a5a1f2df4fe266a06f
f | docs/shdoc/bin/shinclude/functions | docs/shdoc/bin/shinclude/functions | update_variable.md | 644 |  |  | 1018 | ee53ddb60726d2525484c421208b20d674dedc55
f | docs/shdoc/bin/shinclude/functions | docs/shdoc/bin/shinclude/functions | var_type.md | 644 |  |  | 829 | ba25c197b3afac55401536c0130d0d8310f99789
f | docs/shdoc/bin/shinclude/functions | docs/shdoc/bin/shinclude/functions | vdiff.md | 644 |  |  | 871 | 8a06d57445a4d1804aae9911a5fc3ccc633f366c
f | docs/shdoc/bin/shinclude/functions | docs/shdoc/bin/shinclude/functions | vdsc.md | 644 |  |  | 626 | fcdb117c0058be6593912697ea43eb5d5a665a49
f | docs/shdoc/bin/shinclude/functions | docs/shdoc/bin/shinclude/functions | vhelp.md | 644 |  |  | 789 | 5ed8b146b1be06f7a42385a3b363ac4d0b3e2510
f | docs/shdoc/bin/shinclude/functions | docs/shdoc/bin/shinclude/functions | vnum.md | 644 |  |  | 619 | 2bae2de4edc39a73beae5cea81f1c1b7bb06df40
f | docs/shdoc/bin/shinclude/functions | docs/shdoc/bin/shinclude/functions | vpfx.md | 644 |  |  | 611 | 5d959fd4c59cfa36aab7b523c31b511577b569aa
f | docs/shdoc/bin/shinclude/functions | docs/shdoc/bin/shinclude/functions | vren.md | 644 |  |  | 907 | c60578a0f256ca5c8df8959fde67e80881f73284
f | docs/shdoc/bin/shinclude/functions | docs/shdoc/bin/shinclude/functions | write_config.md | 644 |  |  | 1460 | 09e34926383cfd685af10d6ef8a7db85abdd6071
f | docs/shdoc/bin/shinclude/functions | docs/shdoc/bin/shinclude/functions | write_function_doc.md | 644 |  |  | 827 | 66150243432266713be707671a726b11be1e5a8d
f | docs/shdoc/bin/shinclude/functions | docs/shdoc/bin/shinclude/functions | write_page_footer.md | 644 |  |  | 752 | 794e8643a5a02cb9af81f577936041186231610d
f | docs/shdoc/bin/shinclude/functions | docs/shdoc/bin/shinclude/functions | write_script_doc.md | 644 |  |  | 911 | 03db068e1f509a05151e98e4c0e2a9518221d20e
f | docs/shdoc/bin/shinclude/functions | docs/shdoc/bin/shinclude/functions | write_script_function_entry.md | 644 |  |  | 886 | 7eac7dd62f85dfb19b3cca092ed60689b90a30b5
f | docs/shdoc/bin/shinclude/functions | docs/shdoc/bin/shinclude/functions | write_script_readme_header.md | 644 |  |  | 945 | f52677439fc8b35f2084e166f27852d51267f3c8
f | docs/shdoc/bin/shinclude/functions | docs/shdoc/bin/shinclude/functions | write_system_readme_entry.md | 644 |  |  | 877 | 0e34d284b0b2a120353b8d8d1449df86cd077123
f | docs/shdoc/bin/shinclude/functions | docs/shdoc/bin/shinclude/functions | write_system_readme_header.md | 644 |  |  | 778 | 4ff9f610d06b0e9c06acad3334835ca762e9060d
f | docs/shdoc/bin/shinclude/functions | docs/shdoc/bin/shinclude/functions | write_table_footer.md | 644 |  |  | 737 | c97fa2bc65d77696bd1b6fd5d9fe975229787f21
f | docs/shdoc/bin/shinclude/functions | docs/shdoc/bin/shinclude/functions | zero_pad.md | 644 |  |  | 1031 | 8d48519d9a6d706c7e6987dba4c464b4325f7eca
f | docs/shdoc/bin/shinclude/scripts | docs/shdoc/bin/shinclude/scripts | config_lib.sh.md | 644 |  |  | 1885 | 7cb5363f2078208f2d3dd73d3fc5e33c9c36bac7
f | docs/shdoc/bin/shinclude/scripts | docs/shdoc/bin/shinclude/scripts | errno_lib.sh.md | 644 |  |  | 1042 | 10bbd36f0601ea12eac5c3b97d9c207ea936f6f4
f | docs/shdoc/bin/shinclude/scripts | docs/shdoc/bin/shinclude/scripts | helpsys_lib.sh.md | 644 |  |  | 1248 | a47add0fcae68e7d7b2f2958398452b49f50683d
f | docs/shdoc/bin/shinclude/scripts | docs/shdoc/bin/shinclude/scripts | init_lib.sh.md | 644 |  |  | 1727 | b7e1f785c69105c783f182ffc7ecb80914c3be64
f | docs/shdoc/bin/shinclude/scripts | docs/shdoc/bin/shinclude/scripts | string_lib.sh.md | 644 |  |  | 856 | bc915e79f22d5683595c324721841b2cf740d297
f | docs/shdoc/bin/shinclude/scripts | docs/shdoc/bin/shinclude/scripts | type_lib.sh.md | 644 |  |  | 898 | 21d90a6d274db11410ad3bb749f704b0917db573
f | docs/shdoc/bin/shinclude/scripts | docs/shdoc/bin/shinclude/scripts | util_lib.sh.md | 644 |  |  | 1408 | 2bd535d2c92c1a8753b346611c7818dbb05886a1
f | docs/shdoc/bin/shinclude/scripts | docs/shdoc/bin/shinclude/scripts | venv_lib.sh.md | 644 |  |  | 2900 | 95fff9a45e1b3118831c7f3d0bd6287bd1e2fba4
f | docs/shdoc/bin/shinclude/scripts | docs/shdoc/bin/shinclude/scripts | venvutil_lib.sh.md | 644 |  |  | 2028 | e0d68cdc97dba2220a1fb158e75eda6a539898fd
f | docs/shdoc/bin/shinclude/scripts | docs/shdoc/bin/shinclude/scripts | wrapper_lib.sh.md | 644 |  |  | 1322 | a9c31a4d3b1bda6df33be8e6fbced7972db62bc5
f | modules | modules | conda-install.sh | 644 |  |  | 1494 | b9d60252174be34023013a06897184db09e68664
f | modules | modules | requirements-stdt.txt | 644 |  |  | 111 | c6028ad42de40f540c1310a09634bfb3a3a5326c
l | bin | chunkfile.py | chunkfile | 755 |  |  | 12 | 
l | bin | extract_chat.py | extract-chat | 755 |  |  | 15 | 
l | bin | filetree.py | filetree | 755 |  |  | 11 | 
l | bin | generate_manifest.sh | generate_manifest | 755 |  |  | 20 | 
l | bin | numpy-comp.sh | numpy-comp | 755 |  |  | 13 | 
l | bin | rename-chat.py | rename-chat | 755 |  |  | 14 | 
l | bin | tokencount.py | tokencount | 755 |  |  | 13 | 
l | bin | warehouse.sh | recall | 755 |  |  | 12 | 
l | bin | warehouse.sh | warehouse | 755 |  |  | 12 | 
