# This file uses pipe-separated fields
c | . | | requirements.txt | | | | |
c | modules | | requirements-stdt.txt | | | | |
d |  |  | bin | 755 |  |  | 1056 | 
d |  |  | conf | 755 |  |  | 352 | 
d |  |  | docs | 755 |  |  | 544 | 
d | bin | bin | shinclude | 755 |  |  | 256 | 
d | docs | docs | shdoc | 755 |  |  | 192 | 
d | docs/shdoc | docs/shdoc | bin | 755 |  |  | 128 | 
d | docs/shdoc/bin | docs/shdoc/bin | shinclude | 755 |  |  | 352 | 
d | docs/shdoc/bin/shinclude | docs/shdoc/bin/shinclude | functions | 755 |  |  | 2048 | 
d | docs/shdoc/bin/shinclude | docs/shdoc/bin/shinclude | scripts | 755 |  |  | 256 | 
f |  |  | LICENSE | 644 |  |  | 11362 | fbb090d446bc51f5b8611e8c59bddf5447f155e2
f |  |  | README.md | 644 |  |  | 16044 | d5491b1d2c3c353d096a32bf311ebfc8a03c7717
f |  |  | manifest.lst | 644 |  |  | 17678 | 1a726548e97f11dfd61ef8b9b514a89fb571b7c5
f |  |  | setup.cf | 644 |  |  | 799 | dac3710ba0e441bb2cddd6cc9fdf4c82c9662833
f |  |  | setup.sh | 755 |  |  | 20706 | e37ac02cbcf2826707c1463fbc09b5bba50c9f9d
f | bin | bin | buildvenvs | 755 |  |  | 14995 | acd98e35e3b7052dd1e068729169855f204efd6c
f | bin | bin | chunkfile.py | 755 |  |  | 9656 | a47edafccbf88d398f7d5a25f87b2c2713767aab
f | bin | bin | filetree.py | 755 |  |  | 12422 | af3965837e85ca485c91e55f366fd0c34810b307
f | bin | bin | filter-vm_stat | 755 |  |  | 2606 | 7eccba1613a50f1be68e3bb026328766a349ef61
f | bin | bin | generate_manifest.sh | 755 |  |  | 5707 | 1f77e3ae38b7cd1a9c51951001205018175530b7
f | bin | bin | genmd | 755 |  |  | 49545 | 8ee360e4bc7a5c8e4d35d14e1589cb0b71d8c386
f | bin | bin | ld | 755 |  |  | 2697 | 61e28d8e54ae13b00d6c8f7e0cb4e01bc768b798
f | bin | bin | numpy-1.26-reinst.sh | 755 |  |  | 343 | df58788f400d8d1b4571e95c2f486012469ca404
f | bin | bin | numpybench | 755 |  |  | 3625 | 78261f0e3a8896713b01442674495c2bfbd0ac41
f | bin | bin | numpyprof | 755 |  |  | 1579 | fe821ae6a607ff116a9ae9f9abc8483125cdfcac
f | bin | bin | numpytime | 755 |  |  | 1423 | 14349c95f754bc9260a2bf6d4a84b1b6f1126336
f | bin | bin | purgevenv | 755 |  |  | 905 | 5dccd04b18d676390fb85e45ff268c5ee0ce8d7d
f | bin | bin | runbench | 755 |  |  | 765 | 66887eaff9734443a19ac2e4b67283d265eb00aa
f | bin | bin | stressgpu | 755 |  |  | 395 | 488c9966529abe9c59adb64b6b82106581c69d9f
f | bin | bin | tensorgpu | 755 |  |  | 1209 | 31437adec4daebb8e9aaf3b0fee135f1b5b49e78
f | bin | bin | tokencount.py | 755 |  |  | 1245 | f9a1c32b334b595801397dd7effac0313ca0a45d
f | bin | bin | torch-test | 755 |  |  | 656 | c25bc144b14725ac69d6918b17876b78cfbd30bc
f | bin | bin | torchamp | 755 |  |  | 724 | 88e556163c153b72fa1cfe1bfdd264ee3104e623
f | bin | bin | torchbench | 755 |  |  | 1435 | a9e03bb113953edb49d424c1f627ed873de048c3
f | bin | bin | torchprof | 755 |  |  | 1544 | 0e1d1482cd52f587fc0e8d92082ad17e077479bd
f | bin | bin | torchtime | 755 |  |  | 1389 | 54a4dcdd6ac16189f2be61f8d71ed46ab3fdd312
f | bin | bin | vinfo | 755 |  |  | 4789 | 9997bdc1649925c2ee46d15235d504d7bba64a03
f | bin | bin | warehouse.sh | 755 |  |  | 3211 | 7ef782147dacf52bcdcf6f1cd7464a1fe8b14e11
f | bin/shinclude | bin/shinclude | errno.sh | 755 |  |  | 13060 | cd520f6c1f6f53f3d2dc35b25fa7196b3b1f9de0
f | bin/shinclude | bin/shinclude | help_sys.sh | 755 |  |  | 32608 | b44f1d506c86d3b7eb76d50498476e530b231b90
f | bin/shinclude | bin/shinclude | init_env.sh | 755 |  |  | 3750 | 0e39309e481e9fc6e54e15e1b514bed5b001d1da
f | bin/shinclude | bin/shinclude | util_funcs.sh | 755 |  |  | 14661 | e1160453dc4a0c944ad50d4b7cbbe8ab994a4290
f | bin/shinclude | bin/shinclude | venv_funcs.sh | 755 |  |  | 25242 | 5122d49874115d9e765d5bcc497d731a0dd91c76
f | bin/shinclude | bin/shinclude | wrapper_funcs.sh | 755 |  |  | 9116 | f2e707aa49bf0360bba86c5f8f9cd1b1b6f1d02c
f | conf | conf | config-a | 755 |  |  | 10167 | 3b7bbdf007f090ccecba521ef654708ec1e4ec8c
f | conf | conf | config-a.sh | 755 |  |  | 10167 | 3b7bbdf007f090ccecba521ef654708ec1e4ec8c
f | conf | conf | config-b.sh | 755 |  |  | 8038 | 8f3a0adf7b6004ae381846c3ba64b318ad8ed707
f | conf | conf | config-c.sh | 755 |  |  | 8099 | 5b7423ad2aeddede103ed2663edf6bfee831838b
f | conf | conf | config-conda.sh | 755 |  |  | 8327 | d1d3242828e47f6afced190ee9c9785f8484ffa5
f | conf | conf | config-d.sh | 755 |  |  | 7944 | bbb47fcd1d56bc5934b5975a1eb94f71c4068722
f | conf | conf | config-webui-macOS.sh | 755 |  |  | 7485 | 8ba93a91dfc5cc2ebc667bca8b125d00535a3191
f | conf | conf | config-webui.sh | 755 |  |  | 6114 | f5aeb3d99bafb6feec604f3544c8638cad240785
f | conf | conf | help_sys.conf | 644 |  |  | 419 | 29768a4c81029cba3a20ba8b147ad03b4013a9c5
f | docs | docs | BuildGraph.txt | 644 |  |  | 1562 | 79c4ad4cd934656babe97b3786dfb0311df89bdb
f | docs | docs | Documentation_Generation.md | 644 |  |  | 2444 | e25026399a4abd80607526f9f0490cd5f73e5e93
f | docs | docs | Function_Doc_Templ.md | 644 |  |  | 1436 | 7948eb4a191d7ce56be65a10be0cbd38095ef1da
f | docs | docs | Script_Doc_Templ.md | 644 |  |  | 3185 | 623eabdfb544a4f8cc00201d3939353df5961bf8
f | docs | docs | Standards.md | 644 |  |  | 2360 | 02f72dbe8d3ac5dd0ed8e9c7bcc77b72d3b67c4d
f | docs | docs | chunk-offsets.md | 644 |  |  | 6475 | 7d053e1d9e4231ab5a0f2a62daec2c1a35231981
f | docs | docs | chunkfile.md | 644 |  |  | 2753 | 24e3d9f55746d43954899e65f5f7ca7c07713415
f | docs | docs | filetree.md | 644 |  |  | 3895 | e73de3c9420c8bd8832133e7ab02cc9fd4815766
f | docs | docs | generate_manifest.md | 644 |  |  | 3872 | 74ec5e5f34d840fbb32d2d03fa23151e7963313f
f | docs | docs | genmd.md | 644 |  |  | 15931 | 05debeaf580617d4d0d60670a9a258a9952f97cc
f | docs | docs | installer-manifest.md | 644 |  |  | 6299 | 1504cfa14990e2fbd9c56e8022f864c01d24e6a5
f | docs | docs | numpybench.md | 644 |  |  | 2627 | 1e3ad54d8f4f2aaf34bdce6583c0d6901e94444e
f | docs | docs | warehouse.md | 644 |  |  | 3039 | c7fe4ad3e74302516dafee83d8dd8cdabaa47886
f | docs/shdoc | docs/shdoc | AUTO_GENERATED_DO_NOT_MODIFY_OR_PLACE_FILES_HERE | 644 |  |  | 0 | da39a3ee5e6b4b0d3255bfef95601890afd80709
f | docs/shdoc | docs/shdoc | README.md | 644 |  |  | 1018 | aeaaf63c34ea0d882e7a916ed6b8df4e3230efd4
f | docs/shdoc/bin/shinclude | docs/shdoc/bin/shinclude | errno_sh.md | 644 |  |  | 1160 | 1668fa1a8bfc6f875ca8e997567b1599c842687a
f | docs/shdoc/bin/shinclude | docs/shdoc/bin/shinclude | help_sys_sh.md | 644 |  |  | 2874 | 1af41ae26e9181e55f59d74b56449588c21a64e8
f | docs/shdoc/bin/shinclude | docs/shdoc/bin/shinclude | init_env_sh.md | 644 |  |  | 610 | 61ddca73910694d6fb44662eb2c159e05ee8160d
f | docs/shdoc/bin/shinclude | docs/shdoc/bin/shinclude | util_funcs_sh.md | 644 |  |  | 1381 | 31e4c28d21ab2dbed1bcf0602aa49c95454ab572
f | docs/shdoc/bin/shinclude | docs/shdoc/bin/shinclude | venv_funcs_sh.md | 644 |  |  | 1823 | 9f37ecae481ab32add749933f7df70d1ce0f95d6
f | docs/shdoc/bin/shinclude | docs/shdoc/bin/shinclude | wrapper_funcs_sh.md | 644 |  |  | 899 | c964007c6fbf9c8e466bf04c9faecd4f320ec87a
f | docs/shdoc/bin/shinclude/functions | docs/shdoc/bin/shinclude/functions | __set_venv_vars.md | 644 |  |  | 666 | 3fefc66d12ee151abf2ed81b3b822331a1492f35
f | docs/shdoc/bin/shinclude/functions | docs/shdoc/bin/shinclude/functions | __venv_conda_check.md | 644 |  |  | 840 | 8cdca0f19262c08858251c0fd3dd4b2dbc8f7d25
f | docs/shdoc/bin/shinclude/functions | docs/shdoc/bin/shinclude/functions | benv.md | 644 |  |  | 1002 | a24d85c6a5db28060366608b29aa2a501c035e18
f | docs/shdoc/bin/shinclude/functions | docs/shdoc/bin/shinclude/functions | cact.md | 644 |  |  | 775 | f4ea8ad26c098739f07406867b567f6384208ff2
f | docs/shdoc/bin/shinclude/functions | docs/shdoc/bin/shinclude/functions | ccln.md | 644 |  |  | 1012 | 72599ab02964f6496447ae132cfbadf23ed4c5ed
f | docs/shdoc/bin/shinclude/functions | docs/shdoc/bin/shinclude/functions | dact.md | 644 |  |  | 647 | 246be7f1b0952e20fa6dc50149156640ecdf392e
f | docs/shdoc/bin/shinclude/functions | docs/shdoc/bin/shinclude/functions | denv.md | 644 |  |  | 755 | 3cc99fc6bb741e8c489ff0c0a2bf338874115fa6
f | docs/shdoc/bin/shinclude/functions | docs/shdoc/bin/shinclude/functions | do_wrapper.md | 644 |  |  | 845 | 69fdbf006e8902d604ac18b961f22eef76b13cb5
f | docs/shdoc/bin/shinclude/functions | docs/shdoc/bin/shinclude/functions | docs_base_path.md | 644 |  |  | 675 | 9965b85305be800bb8f206589cacec7fcefcd552
f | docs/shdoc/bin/shinclude/functions | docs/shdoc/bin/shinclude/functions | errfind.md | 644 |  |  | 844 | 36d6b182e40773b74f91df82b175e5058c96bfc3
f | docs/shdoc/bin/shinclude/functions | docs/shdoc/bin/shinclude/functions | errno.md | 644 |  |  | 1063 | 5d24fff69a7dc27614e9ee40eb241fd2f20f4e61
f | docs/shdoc/bin/shinclude/functions | docs/shdoc/bin/shinclude/functions | errno_exit.md | 644 |  |  | 1293 | 5119982f8ef0772988318950e042cdaee4e7003c
f | docs/shdoc/bin/shinclude/functions | docs/shdoc/bin/shinclude/functions | errno_warn.md | 644 |  |  | 1337 | 7b61de669dd82ddbea0c03e5e0a79f83c2f5aa91
f | docs/shdoc/bin/shinclude/functions | docs/shdoc/bin/shinclude/functions | errval.md | 644 |  |  | 1068 | fdd06069def719d4a6be87620a351571f5eb208c
f | docs/shdoc/bin/shinclude/functions | docs/shdoc/bin/shinclude/functions | function_description.md | 644 |  |  | 759 | d81b573a6c9bb66ecad8ef4f019697159761839e
f | docs/shdoc/bin/shinclude/functions | docs/shdoc/bin/shinclude/functions | general_help.md | 644 |  |  | 688 | 7a91c8f55dbb7ba602bd494903db72ac7ae555e5
f | docs/shdoc/bin/shinclude/functions | docs/shdoc/bin/shinclude/functions | generate_markdown.md | 644 |  |  | 744 | 9e9e8509d088594946820cb79d3b5cb6081a691c
f | docs/shdoc/bin/shinclude/functions | docs/shdoc/bin/shinclude/functions | get_function_hash.md | 644 |  |  | 765 | d73038d19cea5d6138923d9135552abb9ec776ec
f | docs/shdoc/bin/shinclude/functions | docs/shdoc/bin/shinclude/functions | get_script_readme_file.md | 644 |  |  | 834 | bdb2e65ce6d01a16d5b72e979e1539dcdb0d23c5
f | docs/shdoc/bin/shinclude/functions | docs/shdoc/bin/shinclude/functions | get_system_readme_file.md | 644 |  |  | 790 | 1d663577d34560491018dc754e801bd54d901856
f | docs/shdoc/bin/shinclude/functions | docs/shdoc/bin/shinclude/functions | help_functions.md | 644 |  |  | 872 | c0752d4dc7f7540cb72b8e77dfdd5f8f1aa7c5f0
f | docs/shdoc/bin/shinclude/functions | docs/shdoc/bin/shinclude/functions | help_scripts.md | 644 |  |  | 655 | b29ff66e8b06ba322cd76a860bdebf216f6824fc
f | docs/shdoc/bin/shinclude/functions | docs/shdoc/bin/shinclude/functions | init_help_system.md | 644 |  |  | 1071 | eb1266c27a97dddde425174496cfc77fe9662d1e
f | docs/shdoc/bin/shinclude/functions | docs/shdoc/bin/shinclude/functions | lastenv.md | 644 |  |  | 713 | 6f6809452d0699e22ce3e8ae19bd82de945ab316
f | docs/shdoc/bin/shinclude/functions | docs/shdoc/bin/shinclude/functions | lenv.md | 644 |  |  | 1519 | f2f1733e17d382c6ad86a0bfa89884965c752611
f | docs/shdoc/bin/shinclude/functions | docs/shdoc/bin/shinclude/functions | log_message.md | 644 |  |  | 1291 | fc121b64f453fd7ac5870492b6e83a5b2760c832
f | docs/shdoc/bin/shinclude/functions | docs/shdoc/bin/shinclude/functions | nenv.md | 644 |  |  | 1003 | 6cbe7c016ca52d2704d0f415d0d74480d77de070
f | docs/shdoc/bin/shinclude/functions | docs/shdoc/bin/shinclude/functions | next_step.md | 644 |  |  | 968 | 0c77b5995ae13c10abf0140d6ed0b24141f260a7
f | docs/shdoc/bin/shinclude/functions | docs/shdoc/bin/shinclude/functions | pact.md | 644 |  |  | 698 | 7fec165359d0fe489f63464138e0f0b5ae2ac723
f | docs/shdoc/bin/shinclude/functions | docs/shdoc/bin/shinclude/functions | pip.md | 644 |  |  | 776 | c321ead82adc723e5385ddb7a459425cb95a2426
f | docs/shdoc/bin/shinclude/functions | docs/shdoc/bin/shinclude/functions | pop_stack.md | 644 |  |  | 795 | e468ee4ab3884a02453d395d34e1e8bdaf90cb26
f | docs/shdoc/bin/shinclude/functions | docs/shdoc/bin/shinclude/functions | pop_venv.md | 644 |  |  | 671 | 84db95a7d8a816664fd9d64b7b00f05612c8037f
f | docs/shdoc/bin/shinclude/functions | docs/shdoc/bin/shinclude/functions | process_scripts.md | 644 |  |  | 793 | 273147704a30da329b7bdd0b649c362b7c5ffa6a
f | docs/shdoc/bin/shinclude/functions | docs/shdoc/bin/shinclude/functions | ptree.md | 644 |  |  | 828 | f4cc7f471813688bed6c5f6ee23084ae61a07ce5
f | docs/shdoc/bin/shinclude/functions | docs/shdoc/bin/shinclude/functions | push_stack.md | 644 |  |  | 823 | 187144b394a7581016bbe99ffaba9a781dd2a236
f | docs/shdoc/bin/shinclude/functions | docs/shdoc/bin/shinclude/functions | push_venv.md | 644 |  |  | 668 | 3c3dba7259d395204333bc9aaf8ca6cd2ffabcfe
f | docs/shdoc/bin/shinclude/functions | docs/shdoc/bin/shinclude/functions | renv.md | 644 |  |  | 817 | 9ad837832c82edf6e6568f229be98dc59a9a9d5c
f | docs/shdoc/bin/shinclude/functions | docs/shdoc/bin/shinclude/functions | script_description.md | 644 |  |  | 739 | f3839b82d06466123cbce2dfb1b813e5ce696f4b
f | docs/shdoc/bin/shinclude/functions | docs/shdoc/bin/shinclude/functions | snum.md | 644 |  |  | 675 | 85b6d4424cc663b6ab8e44ca1698e42a1624f951
f | docs/shdoc/bin/shinclude/functions | docs/shdoc/bin/shinclude/functions | sort_2d_array.md | 644 |  |  | 1334 | f94d2342613233aee51e5f63b400d8ee10b73768
f | docs/shdoc/bin/shinclude/functions | docs/shdoc/bin/shinclude/functions | source_util_script.md | 644 |  |  | 1050 | e0cb98bfa1c8c750d56d9b7f908b3acf7f9a6e94
f | docs/shdoc/bin/shinclude/functions | docs/shdoc/bin/shinclude/functions | specific_function_help.md | 644 |  |  | 862 | 166d8cc46a613e7d1896da7a0edadba9f2fc2664
f | docs/shdoc/bin/shinclude/functions | docs/shdoc/bin/shinclude/functions | specific_script_help.md | 644 |  |  | 849 | 6680bd131f5ecf7f9f0ac32a4c9851afed6546b1
f | docs/shdoc/bin/shinclude/functions | docs/shdoc/bin/shinclude/functions | stack_op.md | 644 |  |  | 961 | 499e80bdf2a6b901f9e44fd552815d4d59541265
f | docs/shdoc/bin/shinclude/functions | docs/shdoc/bin/shinclude/functions | stringclean.md | 644 |  |  | 769 | 61f2eae350aa7df497745674c22cab0ae9411479
f | docs/shdoc/bin/shinclude/functions | docs/shdoc/bin/shinclude/functions | strip_space.md | 644 |  |  | 751 | c351e583a75a4e8dd40ac2ec8cc4b2d8a1fc037e
f | docs/shdoc/bin/shinclude/functions | docs/shdoc/bin/shinclude/functions | to_upper.md | 644 |  |  | 655 | 44eee908392b6526e8bea2a9cd5dfb088ff97588
f | docs/shdoc/bin/shinclude/functions | docs/shdoc/bin/shinclude/functions | var_type.md | 644 |  |  | 850 | 4d06c0986e654030bd9fe41c64d338906e68dc31
f | docs/shdoc/bin/shinclude/functions | docs/shdoc/bin/shinclude/functions | vdsc.md | 644 |  |  | 622 | 7c411ceb162f5c65a9ce6ff36ba390bd8496c930
f | docs/shdoc/bin/shinclude/functions | docs/shdoc/bin/shinclude/functions | venvdiff.md | 644 |  |  | 860 | 7a7d1a68273aa0861cb67e57bed3dcf9d46b0eb2
f | docs/shdoc/bin/shinclude/functions | docs/shdoc/bin/shinclude/functions | vhelp.md | 644 |  |  | 794 | ec548c87b16d6534eb8f4d044b746b6f756f2e06
f | docs/shdoc/bin/shinclude/functions | docs/shdoc/bin/shinclude/functions | vnum.md | 644 |  |  | 634 | 5ddb59643cfa77eedfff899021831820e2f39384
f | docs/shdoc/bin/shinclude/functions | docs/shdoc/bin/shinclude/functions | vpfx.md | 644 |  |  | 607 | 567b65ee129a9b4abedd94ed275b2d0c29c41251
f | docs/shdoc/bin/shinclude/functions | docs/shdoc/bin/shinclude/functions | write_function_doc.md | 644 |  |  | 832 | 965faea2f6819001a5252964aa31cfc27bd43454
f | docs/shdoc/bin/shinclude/functions | docs/shdoc/bin/shinclude/functions | write_page_footer.md | 644 |  |  | 757 | 028877756f9ad45cca89fb0f9924cd39e4cf4f68
f | docs/shdoc/bin/shinclude/functions | docs/shdoc/bin/shinclude/functions | write_script_doc.md | 644 |  |  | 916 | acc5a62c15d1076b67ee1532ed508d7f49a22000
f | docs/shdoc/bin/shinclude/functions | docs/shdoc/bin/shinclude/functions | write_script_function_entry.md | 644 |  |  | 891 | 9db2f291e75cf1b2f7dbad3f66ec71443b63997b
f | docs/shdoc/bin/shinclude/functions | docs/shdoc/bin/shinclude/functions | write_script_readme_header.md | 644 |  |  | 950 | 2956083e53a3a9d442732a5b98f74d7428ce5d08
f | docs/shdoc/bin/shinclude/functions | docs/shdoc/bin/shinclude/functions | write_system_readme_entry.md | 644 |  |  | 882 | 8eba9e0bee9484a156836171b048bda811963da6
f | docs/shdoc/bin/shinclude/functions | docs/shdoc/bin/shinclude/functions | write_system_readme_header.md | 644 |  |  | 783 | 401236f4899d85bf7d9bd40fb31a1c44a5060670
f | docs/shdoc/bin/shinclude/functions | docs/shdoc/bin/shinclude/functions | write_table_footer.md | 644 |  |  | 742 | 7e221783e530e93a3a301723b3a51821b42d5fcc
f | docs/shdoc/bin/shinclude/functions | docs/shdoc/bin/shinclude/functions | zero_pad.md | 644 |  |  | 1046 | ab8f99f9b5b1d54b75f87bd81ec8c5fed3473839
f | docs/shdoc/bin/shinclude/scripts | docs/shdoc/bin/shinclude/scripts | errno.sh.md | 644 |  |  | 1053 | ad5dc9f3b6b8228355c294381292f650b4a5e042
f | docs/shdoc/bin/shinclude/scripts | docs/shdoc/bin/shinclude/scripts | help_sys.sh.md | 644 |  |  | 1267 | 5d400092df528657aeaa2046ff9d8e5da18515a0
f | docs/shdoc/bin/shinclude/scripts | docs/shdoc/bin/shinclude/scripts | init_env.sh.md | 644 |  |  | 1748 | f436a1453269127b2768a517dac72a8e5ff2551c
f | docs/shdoc/bin/shinclude/scripts | docs/shdoc/bin/shinclude/scripts | util_funcs.sh.md | 644 |  |  | 1436 | 4af496f10dfeb9437fcc91739016937dd61497f4
f | docs/shdoc/bin/shinclude/scripts | docs/shdoc/bin/shinclude/scripts | venv_funcs.sh.md | 644 |  |  | 2831 | 32cfbd1984026ee3a01d41a745bf809da1a9fcbc
f | docs/shdoc/bin/shinclude/scripts | docs/shdoc/bin/shinclude/scripts | wrapper_funcs.sh.md | 644 |  |  | 1363 | f2d3f020e03081335c33a8f47562d4cf3e19c0c5
l | bin | chunkfile.py | chunkfile | 755 |  |  | 12 | 
l | bin | filetree.py | filetree | 755 |  |  | 11 | 
l | bin | generate_manifest.sh | generate_manifest | 755 |  |  | 20 | 
l | bin | tokencount.py | tokencount | 755 |  |  | 13 | 
l | bin | warehouse.sh | recall | 755 |  |  | 12 | 
l | bin | warehouse.sh | warehouse | 755 |  |  | 12 | 
