# This file uses pipe-separated fields
d |  |  | bin | 755 |  |  | 1376 | 
d |  |  | conf | 755 |  |  | 352 | 
d |  |  | docs | 755 |  |  | 800 | 
d |  |  | modules | 755 |  |  | 128 | 
d | bin | bin | __pycache__ | 755 |  |  | 96 | 
d | bin | bin | shinclude | 755 |  |  | 384 | 
d | docs | docs | shdoc | 755 |  |  | 224 | 
d | docs/shdoc | docs/shdoc | bin | 755 |  |  | 128 | 
d | docs/shdoc/bin | docs/shdoc/bin | shinclude | 755 |  |  | 480 | 
d | docs/shdoc/bin/shinclude | docs/shdoc/bin/shinclude | functions | 755 |  |  | 2720 | 
d | docs/shdoc/bin/shinclude | docs/shdoc/bin/shinclude | scripts | 755 |  |  | 384 | 
f |  |  | LICENSE | 644 |  |  | 11362 | fbb090d446bc51f5b8611e8c59bddf5447f155e2
f |  |  | README.md | 644 |  |  | 18954 | 80ea232f8871a73717b8b415cc71581e746bfde7
f |  |  | requirements-build.txt | 644 |  |  | 185 | 5befca95d85d0ff6665950e90a120accc77f2dd4
f |  |  | requirements.txt | 644 |  |  | 193 | 3464773d7b6781d5d4445e5b3cf50f4c4c38053b
f |  |  | setup.sh | 755 |  |  | 4256 | 830a143dbecc2c26f744b5e6cef4d3ab23c1de34
f |  | setup | manifest.lst | 644 |  |  | 4787 | 
f |  | setup | setup.cf | 644 |  |  | 1159 | 0cee293ba5cdb8b675aa42d8ecb0b77c9bbe8567
f | bin | bin | buildvenvs | 755 |  |  | 15033 | f6b06def5460f5a76d338bc3f0e37482b963b0f6
f | bin | bin | chunkfile.py | 755 |  |  | 10145 | 0a01ef11ecf02df91b1802f346d9578731e9bd19
f | bin | bin | compare_test | 755 |  |  | 1446 | 2af66cb27d06860e6cfe78574b80aea07a30e322
f | bin | bin | extract_chat.py | 755 |  |  | 33944 | 937a0e24ba6263edc40e56d9564c8a77e4527ff5
f | bin | bin | filetree.py | 755 |  |  | 20466 | c833eabf0129771ea660193a8fbbeb9d1ea579f2
f | bin | bin | filter-vm_stat | 755 |  |  | 2606 | 7eccba1613a50f1be68e3bb026328766a349ef61
f | bin | bin | generate_manifest.sh | 755 |  |  | 7490 | a6644cc738102853c0c27faa22de337c197eb6e6
f | bin | bin | genmd | 755 |  |  | 43150 | 880897d3ff4aaf4a34eb4a1e4e7baa5d80c77d84
f | bin | bin | ld | 755 |  |  | 2697 | 61e28d8e54ae13b00d6c8f7e0cb4e01bc768b798
f | bin | bin | numpy_torture.py | 755 |  |  | 5006 | b74789f9f4739141bae59d35b7ea1e210ff65b12
f | bin | bin | numpy-comp.sh | 755 |  |  | 2974 | 5ef698bb06e9be760e7103dcc5d52d3fc92f83f7
f | bin | bin | numpybench | 755 |  |  | 3937 | ff389a083a1ce3fa2ff1f48bbd206bd178991ed5
f | bin | bin | numpyprof | 755 |  |  | 1579 | fe821ae6a607ff116a9ae9f9abc8483125cdfcac
f | bin | bin | numpytime | 755 |  |  | 1423 | 14349c95f754bc9260a2bf6d4a84b1b6f1126336
f | bin | bin | purgevenv | 755 |  |  | 917 | 7203a065dc5ed9fae2581f4debfaf76b4c411fbd
f | bin | bin | rename-chat.py | 755 |  |  | 7824 | 83ceed47b2d6ae440d64b845cef02ef06cc4f8db
f | bin | bin | runbench | 755 |  |  | 777 | b24f94142dbbbcb1fd0c8f6b5ccf82b72d8dbcee
f | bin | bin | stressgpu | 755 |  |  | 395 | 488c9966529abe9c59adb64b6b82106581c69d9f
f | bin | bin | tensorgpu | 755 |  |  | 1209 | 31437adec4daebb8e9aaf3b0fee135f1b5b49e78
f | bin | bin | tokencount.py | 755 |  |  | 3578 | 98ccd70cff547f34376433f0162f0652e70d967b
f | bin | bin | torch_torture.py | 755 |  |  | 7541 | ca2f8afa27450fc74248258df2dfc28e41d0659d
f | bin | bin | torch-test | 755 |  |  | 656 | c25bc144b14725ac69d6918b17876b78cfbd30bc
f | bin | bin | torchamp | 755 |  |  | 724 | 88e556163c153b72fa1cfe1bfdd264ee3104e623
f | bin | bin | torchbench | 755 |  |  | 1435 | a9e03bb113953edb49d424c1f627ed873de048c3
f | bin | bin | torchprof | 755 |  |  | 1544 | 0e1d1482cd52f587fc0e8d92082ad17e077479bd
f | bin | bin | torchtime | 755 |  |  | 1389 | 54a4dcdd6ac16189f2be61f8d71ed46ab3fdd312
f | bin | bin | vinfo | 755 |  |  | 4789 | 9997bdc1649925c2ee46d15235d504d7bba64a03
f | bin | bin | warehouse.sh | 755 |  |  | 3211 | 7ef782147dacf52bcdcf6f1cd7464a1fe8b14e11
f | bin/__pycache__ | bin/__pycache__ | filetree.cpython-312.pyc | 644 |  |  | 20810 | 557ab7411ee61ecee75f5c392c09c2ca93c43719
f | bin/shinclude | bin/shinclude | config_lib.sh | 755 |  |  | 17281 | 141775eb9fa92934a8f5baf7c6b31c000002133d
f | bin/shinclude | bin/shinclude | errno_lib.sh | 755 |  |  | 15877 | ecce7afd2de8e56faac9db8c3ad12f9926bc6593
f | bin/shinclude | bin/shinclude | helpsys_lib.sh | 755 |  |  | 33423 | 117c6c7a39f896042d158218e0c4e0ee4ea95e9d
f | bin/shinclude | bin/shinclude | init_lib.sh | 755 |  |  | 6724 | e822fc9d70227ec60804a2946892fb21135ad619
f | bin/shinclude | bin/shinclude | string_lib.sh | 755 |  |  | 8716 | e878fe04732200d5a6c2daeb15fcc1349337fab9
f | bin/shinclude | bin/shinclude | type_lib.sh | 755 |  |  | 10369 | b9387d6c4b556d71de0130f26ac350b1a53d62da
f | bin/shinclude | bin/shinclude | util_lib.sh | 755 |  |  | 12627 | 29ffe800c02b0486225f12cd79e9eb2f5e16a14a
f | bin/shinclude | bin/shinclude | venv_lib.sh | 755 |  |  | 30367 | 9a96d837b738917439becf2d5639261a1b4de300
f | bin/shinclude | bin/shinclude | venvutil_lib.sh | 755 |  |  | 3155 | 9a77e8caa2fe8c340b08b5dfe613ecb7464fad18
f | bin/shinclude | bin/shinclude | wrapper_lib.sh | 755 |  |  | 12724 | 785b3753bace623198a54b4946f2d7f119bbb58d
f | conf | conf | config-a | 755 |  |  | 10167 | 3b7bbdf007f090ccecba521ef654708ec1e4ec8c
f | conf | conf | config-a.sh | 755 |  |  | 10167 | 3b7bbdf007f090ccecba521ef654708ec1e4ec8c
f | conf | conf | config-b.sh | 755 |  |  | 8038 | 8f3a0adf7b6004ae381846c3ba64b318ad8ed707
f | conf | conf | config-c.sh | 755 |  |  | 8099 | 5b7423ad2aeddede103ed2663edf6bfee831838b
f | conf | conf | config-conda.sh | 755 |  |  | 8327 | d1d3242828e47f6afced190ee9c9785f8484ffa5
f | conf | conf | config-d.sh | 755 |  |  | 7944 | bbb47fcd1d56bc5934b5975a1eb94f71c4068722
f | conf | conf | config-webui-macOS.sh | 755 |  |  | 7485 | 8ba93a91dfc5cc2ebc667bca8b125d00535a3191
f | conf | conf | config-webui.sh | 755 |  |  | 6114 | f5aeb3d99bafb6feec604f3544c8638cad240785
f | conf | conf | help_sys.conf | 644 |  |  | 419 | 29768a4c81029cba3a20ba8b147ad03b4013a9c5
f | docs | docs | BuildGraph.txt | 644 |  |  | 1562 | 79c4ad4cd934656babe97b3786dfb0311df89bdb
f | docs | docs | chat_tools.md | 644 |  |  | 2731 | c65cd177ab5a78b2bff8ef0a1c6e74d7be0657ab
f | docs | docs | chunk-offsets.md | 644 |  |  | 6475 | 7d053e1d9e4231ab5a0f2a62daec2c1a35231981
f | docs | docs | chunkfile.md | 644 |  |  | 3247 | 02442603e0f5515e910590ca90484f2cbd38fe1b
f | docs | docs | Documentation_Generation.md | 644 |  |  | 1811 | e8d40cdbf7e225fc94ab87d803cc1ea1140afdb8
f | docs | docs | extract_chat.md | 644 |  |  | 3147 | a6ca21fcbd8c5d0d081e50d85336a86363d29030
f | docs | docs | filetree.md | 644 |  |  | 6191 | d91e9f3d8843b3aa2474024a5148ce33ac60974d
f | docs | docs | Function_Doc_Templ.md | 644 |  |  | 1436 | 7948eb4a191d7ce56be65a10be0cbd38095ef1da
f | docs | docs | generate_manifest.md | 644 |  |  | 3906 | b5ed091ecb5545abcf4cc5240985ee3ac9a90101
f | docs | docs | genmd.md | 644 |  |  | 15974 | 546347887b5f61d777df49a63893fc2b00adabd4
f | docs | docs | installer-manifest.md | 644 |  |  | 7252 | cf1c936f9ce0d15cf238f85929f75cbab6523d32
f | docs | docs | Metrics_Layout.md | 644 |  |  | 3153 | 37be3642c76c64f47f01ebe2e0addccabd441c91
f | docs | docs | migration_guide.md | 644 |  |  | 4393 | 20469c8f541cb8e8a7e6b3593c75669e134b62ea
f | docs | docs | NLTK_Installation_Documents.md | 644 |  |  | 4609 | 0b0c15bf9fd5339405f31918e4b42a060a8587c0
f | docs | docs | numpy-comp.md | 644 |  |  | 2854 | 57560b88c3769047be9f268ec7f4663d2f282c21
f | docs | docs | numpybench.md | 644 |  |  | 2627 | 1e3ad54d8f4f2aaf34bdce6583c0d6901e94444e
f | docs | docs | performance_testing.md | 644 |  |  | 4664 | ef4e3e2e37838664cca906024865c97eef76c457
f | docs | docs | rename-chat.md | 644 |  |  | 3209 | 4a7fcda5a880549b0ff24f1afcad98982e2b2ee0
f | docs | docs | Script_Doc_Templ.md | 644 |  |  | 3185 | 623eabdfb544a4f8cc00201d3939353df5961bf8
f | docs | docs | Standards.md | 644 |  |  | 2240 | da44d4a15ef86ac98bdf64f9892e6547bf633b0e
f | docs | docs | warehouse.md | 644 |  |  | 3039 | c7fe4ad3e74302516dafee83d8dd8cdabaa47886
f | docs/shdoc | docs/shdoc | AUTO_GENERATED_DO_NOT_MODIFY_OR_PLACE_FILES_HERE | 644 |  |  | 0 | da39a3ee5e6b4b0d3255bfef95601890afd80709
f | docs/shdoc | docs/shdoc | README.md | 644 |  |  | 1505 | 9a466236e55416bf347c3d3c68e97c03346f48f0
f | docs/shdoc/bin/shinclude | docs/shdoc/bin/shinclude | config_lib_sh.md | 644 |  |  | 1244 | d184384c7cb3af5582ddc5d2bdf47c4cc963d2d4
f | docs/shdoc/bin/shinclude | docs/shdoc/bin/shinclude | errno_lib_sh.md | 644 |  |  | 1372 | 4c15bd65c5facaa1ce096d7248ac69e562005944
f | docs/shdoc/bin/shinclude | docs/shdoc/bin/shinclude | helpsys_lib_sh.md | 644 |  |  | 2944 | e376682629071ee34b3902df846ca9726c5d8dd1
f | docs/shdoc/bin/shinclude | docs/shdoc/bin/shinclude | init_lib_sh.md | 644 |  |  | 789 | fdf62481ad0511ad0c44a472dcf2ed7e6834ddf9
f | docs/shdoc/bin/shinclude | docs/shdoc/bin/shinclude | string_lib_sh.md | 644 |  |  | 1112 | d731115902fcaabd5a5e62b87491931688a66ca5
f | docs/shdoc/bin/shinclude | docs/shdoc/bin/shinclude | type_lib_sh.md | 644 |  |  | 1045 | b2648627ba5635a37e6da4e29d7ca34eb667376c
f | docs/shdoc/bin/shinclude | docs/shdoc/bin/shinclude | util_lib_sh.md | 644 |  |  | 1119 | 4a726ada7b8bd49b937ca95cb2cf9791d6252889
f | docs/shdoc/bin/shinclude | docs/shdoc/bin/shinclude | venv_lib_sh.md | 644 |  |  | 1979 | 1fd98e486c15d0f02b253f39b15041d91de73a13
f | docs/shdoc/bin/shinclude | docs/shdoc/bin/shinclude | venvutil_lib_sh.md | 644 |  |  | 566 | 63e3aff304455c69bb564093c64f9394bcac1ca1
f | docs/shdoc/bin/shinclude | docs/shdoc/bin/shinclude | wrapper_lib_sh.md | 644 |  |  | 1204 | 87b9bc4dbd3b8a8c7fdc1e7bfcf79c1ce48eccb6
f | docs/shdoc/bin/shinclude/functions | docs/shdoc/bin/shinclude/functions | __set_venv_vars.md | 644 |  |  | 657 | e4b86856abfeeb25efbd4fb56fa05976be8bd781
f | docs/shdoc/bin/shinclude/functions | docs/shdoc/bin/shinclude/functions | __venv_conda_check.md | 644 |  |  | 826 | 0b61a6b2b773ef1ac34a82a7df4a2092f08dc1e3
f | docs/shdoc/bin/shinclude/functions | docs/shdoc/bin/shinclude/functions | _deprecated.md | 644 |  |  | 662 | 325f1c9c9cd45e403e1283ad95ef7c4205a21f1e
f | docs/shdoc/bin/shinclude/functions | docs/shdoc/bin/shinclude/functions | _source_check.md | 644 |  |  | 321 | 2a7abc1c0c8449341086fa33d6c2074e407f19e6
f | docs/shdoc/bin/shinclude/functions | docs/shdoc/bin/shinclude/functions | benv.md | 644 |  |  | 1326 | ca7939de69def0bcac066429c66f73937cdb92f2
f | docs/shdoc/bin/shinclude/functions | docs/shdoc/bin/shinclude/functions | cact.md | 644 |  |  | 795 | 358532c9d4353c1e2408aba971390785f4a724e0
f | docs/shdoc/bin/shinclude/functions | docs/shdoc/bin/shinclude/functions | ccln.md | 644 |  |  | 1039 | 81b261ccd65b13f736605b41de934ce072f19637
f | docs/shdoc/bin/shinclude/functions | docs/shdoc/bin/shinclude/functions | check_directory.md | 644 |  |  | 475 | 0b226c8286f6983b00f070d69f0bbaec1074c05b
f | docs/shdoc/bin/shinclude/functions | docs/shdoc/bin/shinclude/functions | check_lib.md | 644 |  |  | 819 | 7099e04dc3f28c42f4e737595d6bf394121fcbf3
f | docs/shdoc/bin/shinclude/functions | docs/shdoc/bin/shinclude/functions | colortext.md | 644 |  |  | 893 | b264dfdd90daf278b5a6ef05fea9bfb64d2ea6ef
f | docs/shdoc/bin/shinclude/functions | docs/shdoc/bin/shinclude/functions | dact.md | 644 |  |  | 667 | 1270572a42125fd16e3eac0106e42bc1a06551d9
f | docs/shdoc/bin/shinclude/functions | docs/shdoc/bin/shinclude/functions | denv.md | 644 |  |  | 775 | 8c56574249b822c12aebe6c3d152b599c818555b
f | docs/shdoc/bin/shinclude/functions | docs/shdoc/bin/shinclude/functions | do_wrapper.md | 644 |  |  | 831 | fbb7e8c8ff33af7033e451667f37e4ef6e02fc10
f | docs/shdoc/bin/shinclude/functions | docs/shdoc/bin/shinclude/functions | docs_base_path.md | 644 |  |  | 676 | a5230e450f2c2e9f7aa50042649462afad96233d
f | docs/shdoc/bin/shinclude/functions | docs/shdoc/bin/shinclude/functions | dump_config.md | 644 |  |  | 1425 | 2bd423bef60780a1d4aabd2ee208b4ceca18fc41
f | docs/shdoc/bin/shinclude/functions | docs/shdoc/bin/shinclude/functions | errfind.md | 644 |  |  | 847 | 4ac56336089124ac9779b3b5514bed436ead6bd0
f | docs/shdoc/bin/shinclude/functions | docs/shdoc/bin/shinclude/functions | errno_exit.md | 644 |  |  | 1276 | c984d74cd8166825a6b996a87c2afb6d6de8015f
f | docs/shdoc/bin/shinclude/functions | docs/shdoc/bin/shinclude/functions | errno_warn.md | 644 |  |  | 1274 | 98aa1bbf0811f8fff0f6eb92dd7c689f02b25fba
f | docs/shdoc/bin/shinclude/functions | docs/shdoc/bin/shinclude/functions | errno.md | 644 |  |  | 1066 | e58f23b3f67093af3365563561e27d41c5f3f390
f | docs/shdoc/bin/shinclude/functions | docs/shdoc/bin/shinclude/functions | errval.md | 644 |  |  | 1071 | ec2c3dfd8f6a2aee778ff1729d97ece27f162328
f | docs/shdoc/bin/shinclude/functions | docs/shdoc/bin/shinclude/functions | escape_string.md | 644 |  |  | 776 | 5698f7b7964c6a602d4a72931092a0f8e33c6452
f | docs/shdoc/bin/shinclude/functions | docs/shdoc/bin/shinclude/functions | expand_variable.md | 644 |  |  | 747 | 0c430c4e9dfcc3bab509aca1fbd541c3464c943f
f | docs/shdoc/bin/shinclude/functions | docs/shdoc/bin/shinclude/functions | function_description.md | 644 |  |  | 760 | 89a88b71eb4333fdc870afc50840ce5473357de5
f | docs/shdoc/bin/shinclude/functions | docs/shdoc/bin/shinclude/functions | general_help.md | 644 |  |  | 689 | 6189c205f5305f943bf22f068e1b013cad3c6e37
f | docs/shdoc/bin/shinclude/functions | docs/shdoc/bin/shinclude/functions | generate_markdown.md | 644 |  |  | 745 | 104797a51cdc28b40ed294931ef4d7fb4f1db42e
f | docs/shdoc/bin/shinclude/functions | docs/shdoc/bin/shinclude/functions | get_function_hash.md | 644 |  |  | 751 | 3c04fba62b9afd26899fccc9b67dd7e3f5e87ad4
f | docs/shdoc/bin/shinclude/functions | docs/shdoc/bin/shinclude/functions | get_script_readme_file.md | 644 |  |  | 835 | 4ea1a8ff5aacd86f3ca59fe029558da480ddfb6d
f | docs/shdoc/bin/shinclude/functions | docs/shdoc/bin/shinclude/functions | get_system_readme_file.md | 644 |  |  | 791 | 034d701b100dea9758bb2b528e4da2663b0ba634
f | docs/shdoc/bin/shinclude/functions | docs/shdoc/bin/shinclude/functions | get_venv_name_from_args.md | 644 |  |  | 859 | c3e352d686ca29958e59ce0ae2bbefdc141a6397
f | docs/shdoc/bin/shinclude/functions | docs/shdoc/bin/shinclude/functions | handle_variable.md | 644 |  |  | 1262 | 51887d2ee823eb5d8331c9205970a4ac208f7e99
f | docs/shdoc/bin/shinclude/functions | docs/shdoc/bin/shinclude/functions | help_functions.md | 644 |  |  | 873 | 8afaf7d129ec4b323a82a816b12d5ac7353e61c8
f | docs/shdoc/bin/shinclude/functions | docs/shdoc/bin/shinclude/functions | help_scripts.md | 644 |  |  | 656 | ab280d250cbe478f2ae87408b293a3fc41dfdda3
f | docs/shdoc/bin/shinclude/functions | docs/shdoc/bin/shinclude/functions | init_help_system.md | 644 |  |  | 992 | 53927ae49cde7ea8369117f95a9903ced3a226c9
f | docs/shdoc/bin/shinclude/functions | docs/shdoc/bin/shinclude/functions | lastenv.md | 644 |  |  | 704 | 4580ac18607d0f61b06d17770d9c35110b66f30b
f | docs/shdoc/bin/shinclude/functions | docs/shdoc/bin/shinclude/functions | lenv.md | 644 |  |  | 1602 | c48bd102732e5ee3df2628e1c1e74027006a4c22
f | docs/shdoc/bin/shinclude/functions | docs/shdoc/bin/shinclude/functions | load_config.md | 644 |  |  | 1982 | 355c83552a73dea6a218dd61d652a10b1ddb5909
f | docs/shdoc/bin/shinclude/functions | docs/shdoc/bin/shinclude/functions | log_message.md | 644 |  |  | 1362 | b49e8b9efe8ea3de1f283dcd05489dfba1154542
f | docs/shdoc/bin/shinclude/functions | docs/shdoc/bin/shinclude/functions | nenv.md | 644 |  |  | 1023 | 038698742121efa4ce65d0723e9561919c4ea3fe
f | docs/shdoc/bin/shinclude/functions | docs/shdoc/bin/shinclude/functions | next_step.md | 644 |  |  | 959 | 692bab677d3eb8eaf65d05ea3d3384d251522ec8
f | docs/shdoc/bin/shinclude/functions | docs/shdoc/bin/shinclude/functions | pact.md | 644 |  |  | 718 | af08c72029839830a6a5caa0a6d31c7792162818
f | docs/shdoc/bin/shinclude/functions | docs/shdoc/bin/shinclude/functions | parse_manifest_metadata.md | 644 |  |  | 760 | 1f2672442ccbf88d84afac4bfda5ea44a48716dc
f | docs/shdoc/bin/shinclude/functions | docs/shdoc/bin/shinclude/functions | pip.md | 644 |  |  | 762 | e3f9b266e1da98d5d318a7ea3b38dcc6b0145d0e
f | docs/shdoc/bin/shinclude/functions | docs/shdoc/bin/shinclude/functions | pkg_config_vars.md | 644 |  |  | 660 | 304726b2451ed2519705c3fb9d2e0f158a57cd73
f | docs/shdoc/bin/shinclude/functions | docs/shdoc/bin/shinclude/functions | pop_stack.md | 644 |  |  | 786 | 6e01e22d1f6607aff918d8132ddc3c3077bbd742
f | docs/shdoc/bin/shinclude/functions | docs/shdoc/bin/shinclude/functions | pop_venv.md | 644 |  |  | 662 | 9634402f7075eb50f89b30be5c911aca145c03fb
f | docs/shdoc/bin/shinclude/functions | docs/shdoc/bin/shinclude/functions | process_scripts.md | 644 |  |  | 794 | 34cf4b24b13a272274cdb07da365d4326c2bb9d0
f | docs/shdoc/bin/shinclude/functions | docs/shdoc/bin/shinclude/functions | ptree.md | 644 |  |  | 819 | dad720426504beb175928d42c7e1ec9f64b5ba8c
f | docs/shdoc/bin/shinclude/functions | docs/shdoc/bin/shinclude/functions | push_stack.md | 644 |  |  | 814 | 9d8de1ff2815034ca4bfc0deddca16a2feab6101
f | docs/shdoc/bin/shinclude/functions | docs/shdoc/bin/shinclude/functions | push_venv.md | 644 |  |  | 659 | 00b10397f715c9d49db9be9a2601b50bd9a7a3d6
f | docs/shdoc/bin/shinclude/functions | docs/shdoc/bin/shinclude/functions | remove_duplicates.md | 644 |  |  | 702 | e6a0332801b96fb91523b0c3f285e34c5ff7df2e
f | docs/shdoc/bin/shinclude/functions | docs/shdoc/bin/shinclude/functions | renv.md | 644 |  |  | 837 | 6fb7d2633d0ccd6845bfedbeee00d983eea1311e
f | docs/shdoc/bin/shinclude/functions | docs/shdoc/bin/shinclude/functions | sanitize.md | 644 |  |  | 879 | e0bd08acfd270ea1463673ed394b6fece089ce95
f | docs/shdoc/bin/shinclude/functions | docs/shdoc/bin/shinclude/functions | script_description.md | 644 |  |  | 740 | 6b94d94aaa790994a89067601a4120a555e780f8
f | docs/shdoc/bin/shinclude/functions | docs/shdoc/bin/shinclude/functions | set_debug.md | 644 |  |  | 904 | 4ab059b05337af8a10cdc0f70393ac5f41633f4c
f | docs/shdoc/bin/shinclude/functions | docs/shdoc/bin/shinclude/functions | set_variable.md | 644 |  |  | 1116 | 758779c734cdea26c880951922e5afb7684fc75e
f | docs/shdoc/bin/shinclude/functions | docs/shdoc/bin/shinclude/functions | snum.md | 644 |  |  | 666 | 824bc7fb088775584ded840391cb3769e93cc1b2
f | docs/shdoc/bin/shinclude/functions | docs/shdoc/bin/shinclude/functions | sort_2d_array.md | 644 |  |  | 1325 | 64da894b436cc7e908f6fb251dda4c070dabc41e
f | docs/shdoc/bin/shinclude/functions | docs/shdoc/bin/shinclude/functions | source_lib.md | 644 |  |  | 1383 | b6b17581c5477d970ce662d80a35a75f54c4e59b
f | docs/shdoc/bin/shinclude/functions | docs/shdoc/bin/shinclude/functions | specific_function_help.md | 644 |  |  | 863 | 02caa4893b0799491cb4a65f56dc14b79680c286
f | docs/shdoc/bin/shinclude/functions | docs/shdoc/bin/shinclude/functions | specific_script_help.md | 644 |  |  | 850 | 04f380320bf3bebcf31eb24923cbc5164ae08cbd
f | docs/shdoc/bin/shinclude/functions | docs/shdoc/bin/shinclude/functions | stack_op.md | 644 |  |  | 952 | 927c65dbe74aa3d8b40ccc9a5451cbd6ba34d56b
f | docs/shdoc/bin/shinclude/functions | docs/shdoc/bin/shinclude/functions | stringclean.md | 644 |  |  | 764 | 369332078aadeb8bd72177eb841251b4e3088940
f | docs/shdoc/bin/shinclude/functions | docs/shdoc/bin/shinclude/functions | strip_space.md | 644 |  |  | 746 | 20db9dd45d71b768f17baef9582ef8df82ce13dc
f | docs/shdoc/bin/shinclude/functions | docs/shdoc/bin/shinclude/functions | to_upper.md | 644 |  |  | 650 | 7491ba76b0fc5baac39b8d6758c16f24fb3f25ca
f | docs/shdoc/bin/shinclude/functions | docs/shdoc/bin/shinclude/functions | update_variable.md | 644 |  |  | 1024 | eabd4c2dabd0b4ae92a0401e5946b170dede49ee
f | docs/shdoc/bin/shinclude/functions | docs/shdoc/bin/shinclude/functions | var_type.md | 644 |  |  | 835 | 4badbbf7f1d870f0e7e50547068a77044c93fac6
f | docs/shdoc/bin/shinclude/functions | docs/shdoc/bin/shinclude/functions | vdiff.md | 644 |  |  | 877 | 974bca983fc8bae81621be98b00483762257a252
f | docs/shdoc/bin/shinclude/functions | docs/shdoc/bin/shinclude/functions | vdsc.md | 644 |  |  | 632 | d1ee6260de0093246df77e5f0e5ca7bd6bc5686a
f | docs/shdoc/bin/shinclude/functions | docs/shdoc/bin/shinclude/functions | venv_operation_log.md | 644 |  |  | 1194 | 41816dafaced86d6cd92041e993fb3ede348e17e
f | docs/shdoc/bin/shinclude/functions | docs/shdoc/bin/shinclude/functions | vhelp.md | 644 |  |  | 795 | d4bedd7568fd4e167ffffe45df5ad5e5b9f2821f
f | docs/shdoc/bin/shinclude/functions | docs/shdoc/bin/shinclude/functions | vnum.md | 644 |  |  | 625 | dc2bd2b58779ab946abf7f6c6fdc439c8399549c
f | docs/shdoc/bin/shinclude/functions | docs/shdoc/bin/shinclude/functions | vpfx.md | 644 |  |  | 617 | d35dfb53488c81fbc9f7debb3cd050b2f4044fc3
f | docs/shdoc/bin/shinclude/functions | docs/shdoc/bin/shinclude/functions | vren.md | 644 |  |  | 913 | dcea7bc4bad62618557556d00f55193d2f6c54b9
f | docs/shdoc/bin/shinclude/functions | docs/shdoc/bin/shinclude/functions | write_config.md | 644 |  |  | 1466 | 53f461f245e17b5f4e768259a6efa85ed2c99098
f | docs/shdoc/bin/shinclude/functions | docs/shdoc/bin/shinclude/functions | write_function_doc.md | 644 |  |  | 833 | 0433c0c0a2461546dc1cf1aaac037d99c304fa50
f | docs/shdoc/bin/shinclude/functions | docs/shdoc/bin/shinclude/functions | write_page_footer.md | 644 |  |  | 758 | 11a38723b184581db56ef13fe69082e2f6c1e62e
f | docs/shdoc/bin/shinclude/functions | docs/shdoc/bin/shinclude/functions | write_script_doc.md | 644 |  |  | 917 | 56c5a0fa375e19220205944951b7d84438df9e49
f | docs/shdoc/bin/shinclude/functions | docs/shdoc/bin/shinclude/functions | write_script_function_entry.md | 644 |  |  | 892 | dc5264f3ee50695ea08184b8ed5ef0bfcf8e71c9
f | docs/shdoc/bin/shinclude/functions | docs/shdoc/bin/shinclude/functions | write_script_readme_header.md | 644 |  |  | 951 | 1b26844c978c081391882a5e42606d980e27ac6e
f | docs/shdoc/bin/shinclude/functions | docs/shdoc/bin/shinclude/functions | write_system_readme_entry.md | 644 |  |  | 883 | 2751f62b9b34294873ffb7ff896e05050bdc8826
f | docs/shdoc/bin/shinclude/functions | docs/shdoc/bin/shinclude/functions | write_system_readme_header.md | 644 |  |  | 784 | 45146a1c0935451d6671a24ec26fd923d9170b44
f | docs/shdoc/bin/shinclude/functions | docs/shdoc/bin/shinclude/functions | write_table_footer.md | 644 |  |  | 743 | 38215773360040bd52776a0200808e5ef705b0d4
f | docs/shdoc/bin/shinclude/functions | docs/shdoc/bin/shinclude/functions | zero_pad.md | 644 |  |  | 1037 | 96ba74b22267b2d0db2c7844e0e4c671daac9697
f | docs/shdoc/bin/shinclude/scripts | docs/shdoc/bin/shinclude/scripts | config_lib.sh.md | 644 |  |  | 1888 | 0711502850e5653a584732be39882656169a5a18
f | docs/shdoc/bin/shinclude/scripts | docs/shdoc/bin/shinclude/scripts | errno_lib.sh.md | 644 |  |  | 1045 | cbbb73658ef5bf212536c9b40e9140a2a6f4e688
f | docs/shdoc/bin/shinclude/scripts | docs/shdoc/bin/shinclude/scripts | helpsys_lib.sh.md | 644 |  |  | 1251 | 178e693099b05b107b94962223981a38111d0292
f | docs/shdoc/bin/shinclude/scripts | docs/shdoc/bin/shinclude/scripts | init_lib.sh.md | 644 |  |  | 1730 | 6329db3cc1bc9eb73c47c4d56bdccf53d014c625
f | docs/shdoc/bin/shinclude/scripts | docs/shdoc/bin/shinclude/scripts | string_lib.sh.md | 644 |  |  | 859 | 2fdbfa394c14487d9888490669a278b87b115fa6
f | docs/shdoc/bin/shinclude/scripts | docs/shdoc/bin/shinclude/scripts | type_lib.sh.md | 644 |  |  | 901 | d20daa5624b598ae9782038dcf9a40721042cc71
f | docs/shdoc/bin/shinclude/scripts | docs/shdoc/bin/shinclude/scripts | util_lib.sh.md | 644 |  |  | 1411 | e766783106a39aa1f88f685e0289e51879a3f2e7
f | docs/shdoc/bin/shinclude/scripts | docs/shdoc/bin/shinclude/scripts | venv_lib.sh.md | 644 |  |  | 2903 | 9d3b21240f8df858cac47ece5219484fdd4b8379
f | docs/shdoc/bin/shinclude/scripts | docs/shdoc/bin/shinclude/scripts | venvutil_lib.sh.md | 644 |  |  | 2031 | 8945097d7d704141c2ac6fa5e064fcc04439c36f
f | docs/shdoc/bin/shinclude/scripts | docs/shdoc/bin/shinclude/scripts | wrapper_lib.sh.md | 644 |  |  | 1325 | 56af7fa9fc47fdfb24ac543978c4db59858b480b
f | modules | modules | conda-install.sh | 644 |  |  | 1494 | b9d60252174be34023013a06897184db09e68664
f | modules | modules | requirements-stdt.txt | 644 |  |  | 111 | c6028ad42de40f540c1310a09634bfb3a3a5326c
f | utils/analysis | utils/analysis | README.md | 644 |  |  | 8204 | e1555e26221d7fbb1be2f1e85d5e5e871d2c97fe
f | utils/analysis/schema | utils/analysis/schema | README.md | 644 |  |  | 2004 | 0e21f006783a3e8535ef2dcb71f4a4c4313efd29
l | bin | chunkfile.py | chunkfile | 755 |  |  | 12 | 
l | bin | extract_chat.py | extract-chat | 755 |  |  | 15 | 
l | bin | filetree.py | filetree | 755 |  |  | 11 | 
l | bin | generate_manifest.sh | generate_manifest | 755 |  |  | 20 | 
l | bin | numpy-comp.sh | numpy-comp | 755 |  |  | 13 | 
l | bin | rename-chat.py | rename-chat | 755 |  |  | 14 | 
l | bin | tokencount.py | tokencount | 755 |  |  | 13 | 
l | bin | warehouse.sh | recall | 755 |  |  | 12 | 
l | bin | warehouse.sh | warehouse | 755 |  |  | 12 | 
