# This file uses pipe-separated fields
d |  |  | bin | 755 |  |  | 1376 | 
d |  |  | conf | 755 |  |  | 352 | 
d |  |  | docs | 755 |  |  | 800 | 
d |  |  | modules | 755 |  |  | 128 | 
d | bin | bin | shinclude | 755 |  |  | 384 | 
d | docs | docs | shdoc | 755 |  |  | 224 | 
d | docs/shdoc | docs/shdoc | bin | 755 |  |  | 128 | 
d | docs/shdoc/bin | docs/shdoc/bin | shinclude | 755 |  |  | 480 | 
d | docs/shdoc/bin/shinclude | docs/shdoc/bin/shinclude | functions | 755 |  |  | 2720 | 
d | docs/shdoc/bin/shinclude | docs/shdoc/bin/shinclude | scripts | 755 |  |  | 384 | 
f |  |  | LICENSE | 644 |  |  | 11362 | fbb090d446bc51f5b8611e8c59bddf5447f155e2
f |  |  | README.md | 644 |  |  | 18954 | 80ea232f8871a73717b8b415cc71581e746bfde7
f |  |  | requirements-build.txt | 644 |  |  | 185 | 5befca95d85d0ff6665950e90a120accc77f2dd4
f |  |  | requirements.txt | 644 |  |  | 193 | 3464773d7b6781d5d4445e5b3cf50f4c4c38053b
f |  |  | setup.sh | 755 |  |  | 5069 | 1b77734acbb84b1cd51ba3fca6b9a1af92071850
f |  | setup | manifest.lst | 644 |  |  | 4611 | 
f |  | setup | setup.cf | 644 |  |  | 1171 | df74a188ac581583b79e59eae681621bb66efcd1
f | bin | bin | buildvenvs | 755 |  |  | 15033 | f6b06def5460f5a76d338bc3f0e37482b963b0f6
f | bin | bin | chunkfile.py | 755 |  |  | 10145 | 0a01ef11ecf02df91b1802f346d9578731e9bd19
f | bin | bin | compare_test | 755 |  |  | 1446 | 2af66cb27d06860e6cfe78574b80aea07a30e322
f | bin | bin | extract_chat.py | 755 |  |  | 33944 | 937a0e24ba6263edc40e56d9564c8a77e4527ff5
f | bin | bin | filetree.py | 755 |  |  | 20466 | c833eabf0129771ea660193a8fbbeb9d1ea579f2
f | bin | bin | filter-vm_stat | 755 |  |  | 2606 | 7eccba1613a50f1be68e3bb026328766a349ef61
f | bin | bin | generate_manifest.sh | 755 |  |  | 7754 | 367555476ffce85fea62dd2bb1ab094835a611fb
f | bin | bin | genmd | 755 |  |  | 43150 | 880897d3ff4aaf4a34eb4a1e4e7baa5d80c77d84
f | bin | bin | ld | 755 |  |  | 2697 | 61e28d8e54ae13b00d6c8f7e0cb4e01bc768b798
f | bin | bin | numpy_torture.py | 755 |  |  | 5006 | b74789f9f4739141bae59d35b7ea1e210ff65b12
f | bin | bin | numpy-comp.sh | 755 |  |  | 2974 | 5ef698bb06e9be760e7103dcc5d52d3fc92f83f7
f | bin | bin | numpybench | 755 |  |  | 3937 | ff389a083a1ce3fa2ff1f48bbd206bd178991ed5
f | bin | bin | numpyprof | 755 |  |  | 1579 | fe821ae6a607ff116a9ae9f9abc8483125cdfcac
f | bin | bin | numpytime | 755 |  |  | 1423 | 14349c95f754bc9260a2bf6d4a84b1b6f1126336
f | bin | bin | purgevenv | 755 |  |  | 917 | 7203a065dc5ed9fae2581f4debfaf76b4c411fbd
f | bin | bin | rename-chat.py | 755 |  |  | 7824 | 83ceed47b2d6ae440d64b845cef02ef06cc4f8db
f | bin | bin | runbench | 755 |  |  | 777 | b24f94142dbbbcb1fd0c8f6b5ccf82b72d8dbcee
f | bin | bin | stressgpu | 755 |  |  | 395 | 488c9966529abe9c59adb64b6b82106581c69d9f
f | bin | bin | tensorgpu | 755 |  |  | 1209 | 31437adec4daebb8e9aaf3b0fee135f1b5b49e78
f | bin | bin | tokencount.py | 755 |  |  | 3578 | 98ccd70cff547f34376433f0162f0652e70d967b
f | bin | bin | torch_torture.py | 755 |  |  | 7541 | ca2f8afa27450fc74248258df2dfc28e41d0659d
f | bin | bin | torch-test | 755 |  |  | 656 | c25bc144b14725ac69d6918b17876b78cfbd30bc
f | bin | bin | torchamp | 755 |  |  | 724 | 88e556163c153b72fa1cfe1bfdd264ee3104e623
f | bin | bin | torchbench | 755 |  |  | 1435 | a9e03bb113953edb49d424c1f627ed873de048c3
f | bin | bin | torchprof | 755 |  |  | 1544 | 0e1d1482cd52f587fc0e8d92082ad17e077479bd
f | bin | bin | torchtime | 755 |  |  | 1389 | 54a4dcdd6ac16189f2be61f8d71ed46ab3fdd312
f | bin | bin | vinfo | 755 |  |  | 4789 | 9997bdc1649925c2ee46d15235d504d7bba64a03
f | bin | bin | warehouse.sh | 755 |  |  | 3211 | 7ef782147dacf52bcdcf6f1cd7464a1fe8b14e11
f | bin/shinclude | bin/shinclude | config_lib.sh | 755 |  |  | 17281 | 141775eb9fa92934a8f5baf7c6b31c000002133d
f | bin/shinclude | bin/shinclude | errno_lib.sh | 755 |  |  | 15877 | ecce7afd2de8e56faac9db8c3ad12f9926bc6593
f | bin/shinclude | bin/shinclude | helpsys_lib.sh | 755 |  |  | 33423 | 117c6c7a39f896042d158218e0c4e0ee4ea95e9d
f | bin/shinclude | bin/shinclude | init_lib.sh | 755 |  |  | 6724 | e822fc9d70227ec60804a2946892fb21135ad619
f | bin/shinclude | bin/shinclude | string_lib.sh | 755 |  |  | 8716 | e878fe04732200d5a6c2daeb15fcc1349337fab9
f | bin/shinclude | bin/shinclude | type_lib.sh | 755 |  |  | 10369 | b9387d6c4b556d71de0130f26ac350b1a53d62da
f | bin/shinclude | bin/shinclude | util_lib.sh | 755 |  |  | 12627 | 29ffe800c02b0486225f12cd79e9eb2f5e16a14a
f | bin/shinclude | bin/shinclude | venv_lib.sh | 755 |  |  | 30367 | 9a96d837b738917439becf2d5639261a1b4de300
f | bin/shinclude | bin/shinclude | venvutil_lib.sh | 755 |  |  | 3155 | 9a77e8caa2fe8c340b08b5dfe613ecb7464fad18
f | bin/shinclude | bin/shinclude | wrapper_lib.sh | 755 |  |  | 12724 | 785b3753bace623198a54b4946f2d7f119bbb58d
f | conf | conf | config-a | 755 |  |  | 10167 | 3b7bbdf007f090ccecba521ef654708ec1e4ec8c
f | conf | conf | config-a.sh | 755 |  |  | 10167 | 3b7bbdf007f090ccecba521ef654708ec1e4ec8c
f | conf | conf | config-b.sh | 755 |  |  | 8038 | 8f3a0adf7b6004ae381846c3ba64b318ad8ed707
f | conf | conf | config-c.sh | 755 |  |  | 8099 | 5b7423ad2aeddede103ed2663edf6bfee831838b
f | conf | conf | config-conda.sh | 755 |  |  | 8327 | d1d3242828e47f6afced190ee9c9785f8484ffa5
f | conf | conf | config-d.sh | 755 |  |  | 7944 | bbb47fcd1d56bc5934b5975a1eb94f71c4068722
f | conf | conf | config-webui-macOS.sh | 755 |  |  | 7485 | 8ba93a91dfc5cc2ebc667bca8b125d00535a3191
f | conf | conf | config-webui.sh | 755 |  |  | 6114 | f5aeb3d99bafb6feec604f3544c8638cad240785
f | conf | conf | help_sys.conf | 644 |  |  | 419 | 29768a4c81029cba3a20ba8b147ad03b4013a9c5
f | docs | docs | BuildGraph.txt | 644 |  |  | 1562 | 79c4ad4cd934656babe97b3786dfb0311df89bdb
f | docs | docs | chat_tools.md | 644 |  |  | 2731 | c65cd177ab5a78b2bff8ef0a1c6e74d7be0657ab
f | docs | docs | chunk-offsets.md | 644 |  |  | 6475 | 7d053e1d9e4231ab5a0f2a62daec2c1a35231981
f | docs | docs | chunkfile.md | 644 |  |  | 3247 | 02442603e0f5515e910590ca90484f2cbd38fe1b
f | docs | docs | Documentation_Generation.md | 644 |  |  | 1811 | e8d40cdbf7e225fc94ab87d803cc1ea1140afdb8
f | docs | docs | extract_chat.md | 644 |  |  | 3147 | a6ca21fcbd8c5d0d081e50d85336a86363d29030
f | docs | docs | filetree.md | 644 |  |  | 6191 | d91e9f3d8843b3aa2474024a5148ce33ac60974d
f | docs | docs | Function_Doc_Templ.md | 644 |  |  | 1436 | 7948eb4a191d7ce56be65a10be0cbd38095ef1da
f | docs | docs | generate_manifest.md | 644 |  |  | 3906 | b5ed091ecb5545abcf4cc5240985ee3ac9a90101
f | docs | docs | genmd.md | 644 |  |  | 15974 | 546347887b5f61d777df49a63893fc2b00adabd4
f | docs | docs | installer-manifest.md | 644 |  |  | 7260 | 94b33f889287f5181695f34068594a0f04896a25
f | docs | docs | Metrics_Layout.md | 644 |  |  | 3153 | 37be3642c76c64f47f01ebe2e0addccabd441c91
f | docs | docs | migration_guide.md | 644 |  |  | 4393 | 20469c8f541cb8e8a7e6b3593c75669e134b62ea
f | docs | docs | NLTK_Installation_Documents.md | 644 |  |  | 4609 | 0b0c15bf9fd5339405f31918e4b42a060a8587c0
f | docs | docs | numpy-comp.md | 644 |  |  | 2854 | 57560b88c3769047be9f268ec7f4663d2f282c21
f | docs | docs | numpybench.md | 644 |  |  | 2627 | 1e3ad54d8f4f2aaf34bdce6583c0d6901e94444e
f | docs | docs | performance_testing.md | 644 |  |  | 4664 | ef4e3e2e37838664cca906024865c97eef76c457
f | docs | docs | rename-chat.md | 644 |  |  | 3209 | 4a7fcda5a880549b0ff24f1afcad98982e2b2ee0
f | docs | docs | Script_Doc_Templ.md | 644 |  |  | 3185 | 623eabdfb544a4f8cc00201d3939353df5961bf8
f | docs | docs | Standards.md | 644 |  |  | 2240 | da44d4a15ef86ac98bdf64f9892e6547bf633b0e
f | docs | docs | warehouse.md | 644 |  |  | 3039 | c7fe4ad3e74302516dafee83d8dd8cdabaa47886
f | docs/shdoc | docs/shdoc | AUTO_GENERATED_DO_NOT_MODIFY_OR_PLACE_FILES_HERE | 644 |  |  | 0 | da39a3ee5e6b4b0d3255bfef95601890afd80709
f | docs/shdoc | docs/shdoc | README.md | 644 |  |  | 1505 | 819feca55197921013e6b3b6ca2773e795387121
f | docs/shdoc/bin/shinclude | docs/shdoc/bin/shinclude | config_lib_sh.md | 644 |  |  | 1244 | 928585ff4557959930846eac8a793287a2d3871d
f | docs/shdoc/bin/shinclude | docs/shdoc/bin/shinclude | errno_lib_sh.md | 644 |  |  | 1372 | b9fb644aaa94e4be888dcf16ec07de6e5949a160
f | docs/shdoc/bin/shinclude | docs/shdoc/bin/shinclude | helpsys_lib_sh.md | 644 |  |  | 2944 | 0dd54019ced1331f8827276aaf3650a3b167ecf5
f | docs/shdoc/bin/shinclude | docs/shdoc/bin/shinclude | init_lib_sh.md | 644 |  |  | 789 | 26e7e4ec41e4e8114f721f56f145f19fd990f08e
f | docs/shdoc/bin/shinclude | docs/shdoc/bin/shinclude | string_lib_sh.md | 644 |  |  | 1112 | 247002cfffff9f0570a8119adb187105605840a7
f | docs/shdoc/bin/shinclude | docs/shdoc/bin/shinclude | type_lib_sh.md | 644 |  |  | 1045 | dec43ba48bc47ff610f2f5d7b0ac73650f9318f9
f | docs/shdoc/bin/shinclude | docs/shdoc/bin/shinclude | util_lib_sh.md | 644 |  |  | 1119 | cfdaf7e918746a0f4cb915703489e7fe8c2b38d5
f | docs/shdoc/bin/shinclude | docs/shdoc/bin/shinclude | venv_lib_sh.md | 644 |  |  | 1979 | 66537d54ef83aff1997e24e945433889272fdb17
f | docs/shdoc/bin/shinclude | docs/shdoc/bin/shinclude | venvutil_lib_sh.md | 644 |  |  | 566 | d7c45510359ff0b8db99ae9f4a2ce98d9235d218
f | docs/shdoc/bin/shinclude | docs/shdoc/bin/shinclude | wrapper_lib_sh.md | 644 |  |  | 1204 | 3d334dfa43f1d8c9d9908910c900f3e88ae8106a
f | docs/shdoc/bin/shinclude/functions | docs/shdoc/bin/shinclude/functions | __set_venv_vars.md | 644 |  |  | 657 | b7193ebe304836a4d0182ba23deadc25fa73ca56
f | docs/shdoc/bin/shinclude/functions | docs/shdoc/bin/shinclude/functions | __venv_conda_check.md | 644 |  |  | 826 | 6b01049e6e8c952d4506c530fd4072943a46eb02
f | docs/shdoc/bin/shinclude/functions | docs/shdoc/bin/shinclude/functions | _deprecated.md | 644 |  |  | 662 | 4011104a8149f1b0ea18193c30886875e5347fcc
f | docs/shdoc/bin/shinclude/functions | docs/shdoc/bin/shinclude/functions | _source_check.md | 644 |  |  | 321 | 22b1c3b7608bdba91e33a6aa9fad4171df2c9ec6
f | docs/shdoc/bin/shinclude/functions | docs/shdoc/bin/shinclude/functions | benv.md | 644 |  |  | 1326 | bc9f6a5645dc431811a4f8cd9cf29e59c170d151
f | docs/shdoc/bin/shinclude/functions | docs/shdoc/bin/shinclude/functions | cact.md | 644 |  |  | 795 | 65b53fdf0fd65a79b730ac9cd40b423dbe92e0e2
f | docs/shdoc/bin/shinclude/functions | docs/shdoc/bin/shinclude/functions | ccln.md | 644 |  |  | 1039 | 39b744ce3e2713c7aaf51428d829eff9283b724d
f | docs/shdoc/bin/shinclude/functions | docs/shdoc/bin/shinclude/functions | check_directory.md | 644 |  |  | 475 | 5fa2961471c87b50d7f4ecc7081390925c9b3ef6
f | docs/shdoc/bin/shinclude/functions | docs/shdoc/bin/shinclude/functions | check_lib.md | 644 |  |  | 819 | 47b4e117b25c6dbe12a12d5f4693c6787298ff3f
f | docs/shdoc/bin/shinclude/functions | docs/shdoc/bin/shinclude/functions | colortext.md | 644 |  |  | 893 | 64a2bb4c770693d2891e8e85d5789e5cd4dd0876
f | docs/shdoc/bin/shinclude/functions | docs/shdoc/bin/shinclude/functions | dact.md | 644 |  |  | 667 | 4c02e2d2a35db966322e484b1ae3c00d12985978
f | docs/shdoc/bin/shinclude/functions | docs/shdoc/bin/shinclude/functions | denv.md | 644 |  |  | 775 | 0a3f389b6d76c77d3a1cae68c1f5e9e9693c15ac
f | docs/shdoc/bin/shinclude/functions | docs/shdoc/bin/shinclude/functions | do_wrapper.md | 644 |  |  | 831 | 3a044717172f9b1e12b49d1e94330bc80499b578
f | docs/shdoc/bin/shinclude/functions | docs/shdoc/bin/shinclude/functions | docs_base_path.md | 644 |  |  | 676 | ee7d8a285ad7247bdd12e05d3c5fa88175d0dc12
f | docs/shdoc/bin/shinclude/functions | docs/shdoc/bin/shinclude/functions | dump_config.md | 644 |  |  | 1425 | eae3d4a45552a97ca97b896d1fc42cc67cceabfc
f | docs/shdoc/bin/shinclude/functions | docs/shdoc/bin/shinclude/functions | errfind.md | 644 |  |  | 847 | 00174eb6e05d6e9fbaf56a92c4e9a0df7fd200a5
f | docs/shdoc/bin/shinclude/functions | docs/shdoc/bin/shinclude/functions | errno_exit.md | 644 |  |  | 1276 | a587f7d4a4a87ff367106a78543eaa20a9b2ca74
f | docs/shdoc/bin/shinclude/functions | docs/shdoc/bin/shinclude/functions | errno_warn.md | 644 |  |  | 1274 | fc0fb640d1d3a2fd113e918be3e5d4ea931e3a57
f | docs/shdoc/bin/shinclude/functions | docs/shdoc/bin/shinclude/functions | errno.md | 644 |  |  | 1066 | 85656e9249ea45c323adb23ad4f1e9f7ec49ede2
f | docs/shdoc/bin/shinclude/functions | docs/shdoc/bin/shinclude/functions | errval.md | 644 |  |  | 1071 | 639c889926ff402379debbaaf70259a8cc3a2e60
f | docs/shdoc/bin/shinclude/functions | docs/shdoc/bin/shinclude/functions | escape_string.md | 644 |  |  | 776 | ca245978de730c1ebfd85b3574c2c2b32cc51c96
f | docs/shdoc/bin/shinclude/functions | docs/shdoc/bin/shinclude/functions | expand_variable.md | 644 |  |  | 747 | 878846d6439bd19e4d293d14be8b2812a83fc142
f | docs/shdoc/bin/shinclude/functions | docs/shdoc/bin/shinclude/functions | function_description.md | 644 |  |  | 760 | 62f19fa786589db55dbbab180fe80902ec04f3db
f | docs/shdoc/bin/shinclude/functions | docs/shdoc/bin/shinclude/functions | general_help.md | 644 |  |  | 689 | 7603c97f7d35dc1bb6d92708eccca0798bb765dc
f | docs/shdoc/bin/shinclude/functions | docs/shdoc/bin/shinclude/functions | generate_markdown.md | 644 |  |  | 745 | f9adb9c8d3c2bb1a2b79bbc5001c8d7d279d92cf
f | docs/shdoc/bin/shinclude/functions | docs/shdoc/bin/shinclude/functions | get_function_hash.md | 644 |  |  | 751 | 5aec36fb802ff127038834e44a7912d9d5a8dffa
f | docs/shdoc/bin/shinclude/functions | docs/shdoc/bin/shinclude/functions | get_script_readme_file.md | 644 |  |  | 835 | 8c10238f311c8d98f6793ccf3ba41a9db9aec88a
f | docs/shdoc/bin/shinclude/functions | docs/shdoc/bin/shinclude/functions | get_system_readme_file.md | 644 |  |  | 791 | 9d523781e895e18ed136102100c3c4052f85fa44
f | docs/shdoc/bin/shinclude/functions | docs/shdoc/bin/shinclude/functions | get_venv_name_from_args.md | 644 |  |  | 859 | 4657df1bf05872602ef813ba16af051ce557eaed
f | docs/shdoc/bin/shinclude/functions | docs/shdoc/bin/shinclude/functions | handle_variable.md | 644 |  |  | 1262 | d58f02a6d5c3434d37fe51de1b6db3c946a00ba7
f | docs/shdoc/bin/shinclude/functions | docs/shdoc/bin/shinclude/functions | help_functions.md | 644 |  |  | 873 | 317c33fa57c187661e5c07a76d3e10d69e78fb6f
f | docs/shdoc/bin/shinclude/functions | docs/shdoc/bin/shinclude/functions | help_scripts.md | 644 |  |  | 656 | b64c4a5d468251cd716cca70d3b0183e2ede838e
f | docs/shdoc/bin/shinclude/functions | docs/shdoc/bin/shinclude/functions | init_help_system.md | 644 |  |  | 992 | 0e58c54f6ea972e8b898205368354084a2b60564
f | docs/shdoc/bin/shinclude/functions | docs/shdoc/bin/shinclude/functions | lastenv.md | 644 |  |  | 704 | 3f16a363f6183f1712f1bc8f44e52cb5792e3f97
f | docs/shdoc/bin/shinclude/functions | docs/shdoc/bin/shinclude/functions | lenv.md | 644 |  |  | 1602 | 58557e8c19b58c2f18cd30e71f025bda3381999f
f | docs/shdoc/bin/shinclude/functions | docs/shdoc/bin/shinclude/functions | load_config.md | 644 |  |  | 1982 | 6bac7c210e8276374154a64ff777f83fec9191f7
f | docs/shdoc/bin/shinclude/functions | docs/shdoc/bin/shinclude/functions | log_message.md | 644 |  |  | 1362 | 7de154f823965a0563635974fd276befdcaa8be3
f | docs/shdoc/bin/shinclude/functions | docs/shdoc/bin/shinclude/functions | nenv.md | 644 |  |  | 1023 | d68850cf6c1b1ddda4886f4a0c60397d6c96ce34
f | docs/shdoc/bin/shinclude/functions | docs/shdoc/bin/shinclude/functions | next_step.md | 644 |  |  | 959 | 805ba70a437c9779e032b9047389e5fcada66f73
f | docs/shdoc/bin/shinclude/functions | docs/shdoc/bin/shinclude/functions | pact.md | 644 |  |  | 718 | 4386a7e16028b4c4291078d04d38e96283f6c7bf
f | docs/shdoc/bin/shinclude/functions | docs/shdoc/bin/shinclude/functions | parse_manifest_metadata.md | 644 |  |  | 760 | 06d580d7159823d65f654fb7964d13bff983b4ba
f | docs/shdoc/bin/shinclude/functions | docs/shdoc/bin/shinclude/functions | pip.md | 644 |  |  | 762 | be1b6ce84198934d50a35529a7b4178044b4b914
f | docs/shdoc/bin/shinclude/functions | docs/shdoc/bin/shinclude/functions | pkg_config_vars.md | 644 |  |  | 660 | cd24c58dc200d7ec978e33bfad0ad318b65e4e2e
f | docs/shdoc/bin/shinclude/functions | docs/shdoc/bin/shinclude/functions | pop_stack.md | 644 |  |  | 786 | 188595005ef45d9d64c8c55005ff4354c3f99687
f | docs/shdoc/bin/shinclude/functions | docs/shdoc/bin/shinclude/functions | pop_venv.md | 644 |  |  | 662 | dec44e63810dbcf55471107f9d331835c4f583f7
f | docs/shdoc/bin/shinclude/functions | docs/shdoc/bin/shinclude/functions | process_scripts.md | 644 |  |  | 794 | 3262901864cfce574198b03759f5ca41a0afdd07
f | docs/shdoc/bin/shinclude/functions | docs/shdoc/bin/shinclude/functions | ptree.md | 644 |  |  | 819 | 033a49257b86e918ba36ae5886afb56faf1f1865
f | docs/shdoc/bin/shinclude/functions | docs/shdoc/bin/shinclude/functions | push_stack.md | 644 |  |  | 814 | 65262a9ee045f6a8899eb72f0cd0a01a9e896c3e
f | docs/shdoc/bin/shinclude/functions | docs/shdoc/bin/shinclude/functions | push_venv.md | 644 |  |  | 659 | ec2a7f2dc7148a9310996b274045d5537bfefb63
f | docs/shdoc/bin/shinclude/functions | docs/shdoc/bin/shinclude/functions | remove_duplicates.md | 644 |  |  | 702 | 52f85ed5db28bfd071b61aec6824886aba0b0231
f | docs/shdoc/bin/shinclude/functions | docs/shdoc/bin/shinclude/functions | renv.md | 644 |  |  | 837 | 1c5ac5c180d87a934fb2974ecc379a345173c3dd
f | docs/shdoc/bin/shinclude/functions | docs/shdoc/bin/shinclude/functions | sanitize.md | 644 |  |  | 879 | 8d7ec8a8a936aee7daba02c89879031720764147
f | docs/shdoc/bin/shinclude/functions | docs/shdoc/bin/shinclude/functions | script_description.md | 644 |  |  | 740 | 96345606f1de35f25c149a2f5296892b3945eef1
f | docs/shdoc/bin/shinclude/functions | docs/shdoc/bin/shinclude/functions | set_debug.md | 644 |  |  | 904 | 7a5be8b9f0f94244521310282ebb41f769982b99
f | docs/shdoc/bin/shinclude/functions | docs/shdoc/bin/shinclude/functions | set_variable.md | 644 |  |  | 1116 | b209d511a28380e909c83f9739ff3ec654095402
f | docs/shdoc/bin/shinclude/functions | docs/shdoc/bin/shinclude/functions | snum.md | 644 |  |  | 666 | ae9247f1193de2901671e0e62f0917a4e277c8e1
f | docs/shdoc/bin/shinclude/functions | docs/shdoc/bin/shinclude/functions | sort_2d_array.md | 644 |  |  | 1325 | b44b7904ff2ae8414295e20f036eb18e9ba15e8d
f | docs/shdoc/bin/shinclude/functions | docs/shdoc/bin/shinclude/functions | source_lib.md | 644 |  |  | 1383 | fc9530a45f3335052871b71af7dda5f14a8d579d
f | docs/shdoc/bin/shinclude/functions | docs/shdoc/bin/shinclude/functions | specific_function_help.md | 644 |  |  | 863 | f8ff9c805ede4c61b3f7de96155fcb9632f8f86c
f | docs/shdoc/bin/shinclude/functions | docs/shdoc/bin/shinclude/functions | specific_script_help.md | 644 |  |  | 850 | ce50345023314cb4c8f38b200e04c76107c34a40
f | docs/shdoc/bin/shinclude/functions | docs/shdoc/bin/shinclude/functions | stack_op.md | 644 |  |  | 952 | 524387aa78cfe5713e31e769e50d609f051d225b
f | docs/shdoc/bin/shinclude/functions | docs/shdoc/bin/shinclude/functions | stringclean.md | 644 |  |  | 764 | e67f41dd3a7713b2804405002d426a96da7bf0f9
f | docs/shdoc/bin/shinclude/functions | docs/shdoc/bin/shinclude/functions | strip_space.md | 644 |  |  | 746 | 26dbb64950603799a50e64f69cccc595c3a66a78
f | docs/shdoc/bin/shinclude/functions | docs/shdoc/bin/shinclude/functions | to_upper.md | 644 |  |  | 650 | f1a1ac3cea7530c5c38d5afd202e2cb151215bf3
f | docs/shdoc/bin/shinclude/functions | docs/shdoc/bin/shinclude/functions | update_variable.md | 644 |  |  | 1024 | 90c5796ebeef9c4c3e8590de0a4b3c0eb673c733
f | docs/shdoc/bin/shinclude/functions | docs/shdoc/bin/shinclude/functions | var_type.md | 644 |  |  | 835 | ba7bd45e286d622d3c9f6f4bfe297dc261b798df
f | docs/shdoc/bin/shinclude/functions | docs/shdoc/bin/shinclude/functions | vdiff.md | 644 |  |  | 877 | f94bce082410c558e8aa38f4872019b0a5cd6b74
f | docs/shdoc/bin/shinclude/functions | docs/shdoc/bin/shinclude/functions | vdsc.md | 644 |  |  | 632 | aa7daa84457556dac097ba1d42a52d6f66f310ed
f | docs/shdoc/bin/shinclude/functions | docs/shdoc/bin/shinclude/functions | venv_operation_log.md | 644 |  |  | 1194 | a0fc8177e65ee1a2e66612184877eeb04557fe52
f | docs/shdoc/bin/shinclude/functions | docs/shdoc/bin/shinclude/functions | vhelp.md | 644 |  |  | 795 | 3353efc3c30110a707b3955b7cf9ecd27fe748e1
f | docs/shdoc/bin/shinclude/functions | docs/shdoc/bin/shinclude/functions | vnum.md | 644 |  |  | 625 | 334406721e170a9114290ac3c5d46efe34e66277
f | docs/shdoc/bin/shinclude/functions | docs/shdoc/bin/shinclude/functions | vpfx.md | 644 |  |  | 617 | d22e130c8b93277da9cf3586038f1d83040b0d91
f | docs/shdoc/bin/shinclude/functions | docs/shdoc/bin/shinclude/functions | vren.md | 644 |  |  | 913 | 23010920fcb8e807c0d7f28f5904b980c7caeda4
f | docs/shdoc/bin/shinclude/functions | docs/shdoc/bin/shinclude/functions | write_config.md | 644 |  |  | 1466 | d81530fffa9dc4047d7261056baeaffe27dd8f28
f | docs/shdoc/bin/shinclude/functions | docs/shdoc/bin/shinclude/functions | write_function_doc.md | 644 |  |  | 833 | 5df2d083779e67e849a9da811ace22dfd2012239
f | docs/shdoc/bin/shinclude/functions | docs/shdoc/bin/shinclude/functions | write_page_footer.md | 644 |  |  | 758 | c07f82cb5177321ea351c19c267f41e21c05e0cd
f | docs/shdoc/bin/shinclude/functions | docs/shdoc/bin/shinclude/functions | write_script_doc.md | 644 |  |  | 917 | f1400bef15a2df16f89c5255fc12a627c2311eb6
f | docs/shdoc/bin/shinclude/functions | docs/shdoc/bin/shinclude/functions | write_script_function_entry.md | 644 |  |  | 892 | d26a8cc8fda660b263863c0e5e30c5348b031122
f | docs/shdoc/bin/shinclude/functions | docs/shdoc/bin/shinclude/functions | write_script_readme_header.md | 644 |  |  | 951 | 0203b2005285a49e851b157523d0e1bae4dc6692
f | docs/shdoc/bin/shinclude/functions | docs/shdoc/bin/shinclude/functions | write_system_readme_entry.md | 644 |  |  | 883 | 030036879269359299b2eb5b45b7b55e08cb9343
f | docs/shdoc/bin/shinclude/functions | docs/shdoc/bin/shinclude/functions | write_system_readme_header.md | 644 |  |  | 784 | ccc2248857f787a75239969d583b95466eb4b56c
f | docs/shdoc/bin/shinclude/functions | docs/shdoc/bin/shinclude/functions | write_table_footer.md | 644 |  |  | 743 | b5ea30f9b899b72c24e51b6aef36d039fbd6286e
f | docs/shdoc/bin/shinclude/functions | docs/shdoc/bin/shinclude/functions | zero_pad.md | 644 |  |  | 1037 | c8cb74c8bd2915e36d19800a0d0aad9cec2d56d2
f | docs/shdoc/bin/shinclude/scripts | docs/shdoc/bin/shinclude/scripts | config_lib.sh.md | 644 |  |  | 1888 | 0e200288b0ceda66b6ca1c28b4946adbce4b2586
f | docs/shdoc/bin/shinclude/scripts | docs/shdoc/bin/shinclude/scripts | errno_lib.sh.md | 644 |  |  | 1045 | 7acf9367504ffb2c66bb85930109489ce95de27b
f | docs/shdoc/bin/shinclude/scripts | docs/shdoc/bin/shinclude/scripts | helpsys_lib.sh.md | 644 |  |  | 1251 | 26f11089123b8cae9f1d5e58fea40f7c462e9149
f | docs/shdoc/bin/shinclude/scripts | docs/shdoc/bin/shinclude/scripts | init_lib.sh.md | 644 |  |  | 1730 | a0c65ee724b42ed2b49e1fb1e13ef672400aef93
f | docs/shdoc/bin/shinclude/scripts | docs/shdoc/bin/shinclude/scripts | string_lib.sh.md | 644 |  |  | 859 | 7e399225a96f8ca0b9703be766c42092bd192798
f | docs/shdoc/bin/shinclude/scripts | docs/shdoc/bin/shinclude/scripts | type_lib.sh.md | 644 |  |  | 901 | ae631c90ead08790b761a6f9ced26a63a9a5ed50
f | docs/shdoc/bin/shinclude/scripts | docs/shdoc/bin/shinclude/scripts | util_lib.sh.md | 644 |  |  | 1411 | 75c9fbfa432574cf161ae679f151588fb124821f
f | docs/shdoc/bin/shinclude/scripts | docs/shdoc/bin/shinclude/scripts | venv_lib.sh.md | 644 |  |  | 2903 | 07468fdd3d81c82d79410e351728083b69003849
f | docs/shdoc/bin/shinclude/scripts | docs/shdoc/bin/shinclude/scripts | venvutil_lib.sh.md | 644 |  |  | 2031 | a17bb45254977193ea7ac92ad9ec2686301ef680
f | docs/shdoc/bin/shinclude/scripts | docs/shdoc/bin/shinclude/scripts | wrapper_lib.sh.md | 644 |  |  | 1325 | 64dde73cf1a9a2099643fba0d7dcd3fefd9c5cc5
f | modules | modules | conda-install.sh | 644 |  |  | 1494 | b9d60252174be34023013a06897184db09e68664
f | modules | modules | requirements-stdt.txt | 644 |  |  | 111 | c6028ad42de40f540c1310a09634bfb3a3a5326c
l | bin | chunkfile.py | chunkfile | 755 |  |  | 12 | 
l | bin | extract_chat.py | extract-chat | 755 |  |  | 15 | 
l | bin | filetree.py | filetree | 755 |  |  | 11 | 
l | bin | generate_manifest.sh | generate_manifest | 755 |  |  | 20 | 
l | bin | numpy-comp.sh | numpy-comp | 755 |  |  | 13 | 
l | bin | rename-chat.py | rename-chat | 755 |  |  | 14 | 
l | bin | tokencount.py | tokencount | 755 |  |  | 13 | 
l | bin | warehouse.sh | recall | 755 |  |  | 12 | 
l | bin | warehouse.sh | warehouse | 755 |  |  | 12 | 
